Archive member included to satisfy reference by file (symbol)

c:/st/stm32cubeide_1.1.0/stm32cubeide/plugins/com.st.stm32cube.ide.mcu.externaltools.gnu-tools-for-stm32.7-2018-q2-update.win32_1.0.0.201904181610/tools/bin/../lib/gcc/arm-none-eabi/7.3.1/../../../../arm-none-eabi/lib/thumb/v7-m\libc_nano.a(lib_a-errno.o)
                              Core/Src/syscalls.o (__errno)
c:/st/stm32cubeide_1.1.0/stm32cubeide/plugins/com.st.stm32cube.ide.mcu.externaltools.gnu-tools-for-stm32.7-2018-q2-update.win32_1.0.0.201904181610/tools/bin/../lib/gcc/arm-none-eabi/7.3.1/../../../../arm-none-eabi/lib/thumb/v7-m\libc_nano.a(lib_a-exit.o)
                              c:/st/stm32cubeide_1.1.0/stm32cubeide/plugins/com.st.stm32cube.ide.mcu.externaltools.gnu-tools-for-stm32.7-2018-q2-update.win32_1.0.0.201904181610/tools/bin/../lib/gcc/arm-none-eabi/7.3.1/../../../../arm-none-eabi/lib/thumb/v7-m/crt0.o (exit)
c:/st/stm32cubeide_1.1.0/stm32cubeide/plugins/com.st.stm32cube.ide.mcu.externaltools.gnu-tools-for-stm32.7-2018-q2-update.win32_1.0.0.201904181610/tools/bin/../lib/gcc/arm-none-eabi/7.3.1/../../../../arm-none-eabi/lib/thumb/v7-m\libc_nano.a(lib_a-impure.o)
                              c:/st/stm32cubeide_1.1.0/stm32cubeide/plugins/com.st.stm32cube.ide.mcu.externaltools.gnu-tools-for-stm32.7-2018-q2-update.win32_1.0.0.201904181610/tools/bin/../lib/gcc/arm-none-eabi/7.3.1/../../../../arm-none-eabi/lib/thumb/v7-m\libc_nano.a(lib_a-exit.o) (_global_impure_ptr)
c:/st/stm32cubeide_1.1.0/stm32cubeide/plugins/com.st.stm32cube.ide.mcu.externaltools.gnu-tools-for-stm32.7-2018-q2-update.win32_1.0.0.201904181610/tools/bin/../lib/gcc/arm-none-eabi/7.3.1/../../../../arm-none-eabi/lib/thumb/v7-m\libc_nano.a(lib_a-init.o)
                              c:/st/stm32cubeide_1.1.0/stm32cubeide/plugins/com.st.stm32cube.ide.mcu.externaltools.gnu-tools-for-stm32.7-2018-q2-update.win32_1.0.0.201904181610/tools/bin/../lib/gcc/arm-none-eabi/7.3.1/../../../../arm-none-eabi/lib/thumb/v7-m/crt0.o (__libc_init_array)
c:/st/stm32cubeide_1.1.0/stm32cubeide/plugins/com.st.stm32cube.ide.mcu.externaltools.gnu-tools-for-stm32.7-2018-q2-update.win32_1.0.0.201904181610/tools/bin/../lib/gcc/arm-none-eabi/7.3.1/../../../../arm-none-eabi/lib/thumb/v7-m\libc_nano.a(lib_a-memcpy-stub.o)
                              Core/Src/rtc.o (memcpy)
c:/st/stm32cubeide_1.1.0/stm32cubeide/plugins/com.st.stm32cube.ide.mcu.externaltools.gnu-tools-for-stm32.7-2018-q2-update.win32_1.0.0.201904181610/tools/bin/../lib/gcc/arm-none-eabi/7.3.1/../../../../arm-none-eabi/lib/thumb/v7-m\libc_nano.a(lib_a-memset.o)
                              c:/st/stm32cubeide_1.1.0/stm32cubeide/plugins/com.st.stm32cube.ide.mcu.externaltools.gnu-tools-for-stm32.7-2018-q2-update.win32_1.0.0.201904181610/tools/bin/../lib/gcc/arm-none-eabi/7.3.1/../../../../arm-none-eabi/lib/thumb/v7-m/crt0.o (memset)

Allocating common symbols
Common symbol       size              file

last_state          0x1               Core/Src/PressKey.o
hspi2               0x58              Core/Src/main.o
s_uint_to_char      0x3               Core/Src/rtc.o
current_state       0x1               Core/Src/PressKey.o
hi2c2               0x54              Core/Src/main.o
yearDs              0x5               Core/Src/rtc.o
uwTick              0x4               Drivers/STM32F1xx_HAL_Driver/Src/stm32f1xx_hal.o
temperatureDs       0x7               Core/Src/rtc.o
pFlash              0x20              Drivers/STM32F1xx_HAL_Driver/Src/stm32f1xx_hal_flash.o
Key_Nextt           0x1               Core/Src/PressKey.o
htim1               0x40              Core/Src/main.o
Key_Previous        0x1               Core/Src/PressKey.o
Key_Settings        0x1               Core/Src/PressKey.o
htim2               0x40              Core/Src/main.o
Buffer_RTC          0x12              Core/Src/rtc.o

Discarded input sections

 .text          0x0000000000000000        0x0 c:/st/stm32cubeide_1.1.0/stm32cubeide/plugins/com.st.stm32cube.ide.mcu.externaltools.gnu-tools-for-stm32.7-2018-q2-update.win32_1.0.0.201904181610/tools/bin/../lib/gcc/arm-none-eabi/7.3.1/thumb/v7-m/crti.o
 .data          0x0000000000000000        0x0 c:/st/stm32cubeide_1.1.0/stm32cubeide/plugins/com.st.stm32cube.ide.mcu.externaltools.gnu-tools-for-stm32.7-2018-q2-update.win32_1.0.0.201904181610/tools/bin/../lib/gcc/arm-none-eabi/7.3.1/thumb/v7-m/crti.o
 .bss           0x0000000000000000        0x0 c:/st/stm32cubeide_1.1.0/stm32cubeide/plugins/com.st.stm32cube.ide.mcu.externaltools.gnu-tools-for-stm32.7-2018-q2-update.win32_1.0.0.201904181610/tools/bin/../lib/gcc/arm-none-eabi/7.3.1/thumb/v7-m/crti.o
 .data          0x0000000000000000        0x4 c:/st/stm32cubeide_1.1.0/stm32cubeide/plugins/com.st.stm32cube.ide.mcu.externaltools.gnu-tools-for-stm32.7-2018-q2-update.win32_1.0.0.201904181610/tools/bin/../lib/gcc/arm-none-eabi/7.3.1/thumb/v7-m/crtbegin.o
[...]
Memory Configuration

Name             Origin             Length             Attributes
RAM              0x0000000020000000 0x0000000000005000 xrw
FLASH            0x0000000008000000 0x0000000000010000 xr
*default*        0x0000000000000000 0xffffffffffffffff

Linker script and memory map

LOAD c:/st/stm32cubeide_1.1.0/stm32cubeide/plugins/com.st.stm32cube.ide.mcu.externaltools.gnu-tools-for-stm32.7-2018-q2-update.win32_1.0.0.201904181610/tools/bin/../lib/gcc/arm-none-eabi/7.3.1/thumb/v7-m/crti.o
LOAD c:/st/stm32cubeide_1.1.0/stm32cubeide/plugins/com.st.stm32cube.ide.mcu.externaltools.gnu-tools-for-stm32.7-2018-q2-update.win32_1.0.0.201904181610/tools/bin/../lib/gcc/arm-none-eabi/7.3.1/thumb/v7-m/crtbegin.o
LOAD c:/st/stm32cubeide_1.1.0/stm32cubeide/plugins/com.st.stm32cube.ide.mcu.externaltools.gnu-tools-for-stm32.7-2018-q2-update.win32_1.0.0.201904181610/tools/bin/../lib/gcc/arm-none-eabi/7.3.1/../../../../arm-none-eabi/lib/thumb/v7-m/crt0.o
LOAD Core/Src/Eeprom.o
LOAD Core/Src/PressKey.o
LOAD Core/Src/main.o
LOAD Core/Src/matrix_tablo_tpic.o
LOAD Core/Src/rtc.o
LOAD Core/Src/stm32f1xx_hal_msp.o
LOAD Core/Src/stm32f1xx_it.o
LOAD Core/Src/syscalls.o
LOAD Core/Src/sysmem.o
LOAD Core/Src/system_stm32f1xx.o
LOAD Core/Startup/startup_stm32f103c8tx.o
LOAD Drivers/STM32F1xx_HAL_Driver/Src/stm32f1xx_hal.o
LOAD Drivers/STM32F1xx_HAL_Driver/Src/stm32f1xx_hal_cortex.o
LOAD Drivers/STM32F1xx_HAL_Driver/Src/stm32f1xx_hal_dma.o
LOAD Drivers/STM32F1xx_HAL_Driver/Src/stm32f1xx_hal_exti.o
LOAD Drivers/STM32F1xx_HAL_Driver/Src/stm32f1xx_hal_flash.o
LOAD Drivers/STM32F1xx_HAL_Driver/Src/stm32f1xx_hal_flash_ex.o
LOAD Drivers/STM32F1xx_HAL_Driver/Src/stm32f1xx_hal_gpio.o
LOAD Drivers/STM32F1xx_HAL_Driver/Src/stm32f1xx_hal_gpio_ex.o
LOAD Drivers/STM32F1xx_HAL_Driver/Src/stm32f1xx_hal_i2c.o
LOAD Drivers/STM32F1xx_HAL_Driver/Src/stm32f1xx_hal_pwr.o
LOAD Drivers/STM32F1xx_HAL_Driver/Src/stm32f1xx_hal_rcc.o
LOAD Drivers/STM32F1xx_HAL_Driver/Src/stm32f1xx_hal_rcc_ex.o
LOAD Drivers/STM32F1xx_HAL_Driver/Src/stm32f1xx_hal_spi.o
LOAD Drivers/STM32F1xx_HAL_Driver/Src/stm32f1xx_hal_tim.o
LOAD Drivers/STM32F1xx_HAL_Driver/Src/stm32f1xx_hal_tim_ex.o
START GROUP
LOAD c:/st/stm32cubeide_1.1.0/stm32cubeide/plugins/com.st.stm32cube.ide.mcu.externaltools.gnu-tools-for-stm32.7-2018-q2-update.win32_1.0.0.201904181610/tools/bin/../lib/gcc/arm-none-eabi/7.3.1/../../../../arm-none-eabi/lib/thumb/v7-m\libc_nano.a
LOAD c:/st/stm32cubeide_1.1.0/stm32cubeide/plugins/com.st.stm32cube.ide.mcu.externaltools.gnu-tools-for-stm32.7-2018-q2-update.win32_1.0.0.201904181610/tools/bin/../lib/gcc/arm-none-eabi/7.3.1/../../../../arm-none-eabi/lib/thumb/v7-m\libm.a
END GROUP
START GROUP
LOAD c:/st/stm32cubeide_1.1.0/stm32cubeide/plugins/com.st.stm32cube.ide.mcu.externaltools.gnu-tools-for-stm32.7-2018-q2-update.win32_1.0.0.201904181610/tools/bin/../lib/gcc/arm-none-eabi/7.3.1/thumb/v7-m\libgcc.a
LOAD c:/st/stm32cubeide_1.1.0/stm32cubeide/plugins/com.st.stm32cube.ide.mcu.externaltools.gnu-tools-for-stm32.7-2018-q2-update.win32_1.0.0.201904181610/tools/bin/../lib/gcc/arm-none-eabi/7.3.1/../../../../arm-none-eabi/lib/thumb/v7-m\libc_nano.a
END GROUP
START GROUP
LOAD c:/st/stm32cubeide_1.1.0/stm32cubeide/plugins/com.st.stm32cube.ide.mcu.externaltools.gnu-tools-for-stm32.7-2018-q2-update.win32_1.0.0.201904181610/tools/bin/../lib/gcc/arm-none-eabi/7.3.1/thumb/v7-m\libgcc.a
LOAD c:/st/stm32cubeide_1.1.0/stm32cubeide/plugins/com.st.stm32cube.ide.mcu.externaltools.gnu-tools-for-stm32.7-2018-q2-update.win32_1.0.0.201904181610/tools/bin/../lib/gcc/arm-none-eabi/7.3.1/../../../../arm-none-eabi/lib/thumb/v7-m\libc_nano.a
LOAD c:/st/stm32cubeide_1.1.0/stm32cubeide/plugins/com.st.stm32cube.ide.mcu.externaltools.gnu-tools-for-stm32.7-2018-q2-update.win32_1.0.0.201904181610/tools/bin/../lib/gcc/arm-none-eabi/7.3.1/../../../../arm-none-eabi/lib/thumb/v7-m\libnosys.a
END GROUP
START GROUP
LOAD c:/st/stm32cubeide_1.1.0/stm32cubeide/plugins/com.st.stm32cube.ide.mcu.externaltools.gnu-tools-for-stm32.7-2018-q2-update.win32_1.0.0.201904181610/tools/bin/../lib/gcc/arm-none-eabi/7.3.1/thumb/v7-m\libgcc.a
LOAD c:/st/stm32cubeide_1.1.0/stm32cubeide/plugins/com.st.stm32cube.ide.mcu.externaltools.gnu-tools-for-stm32.7-2018-q2-update.win32_1.0.0.201904181610/tools/bin/../lib/gcc/arm-none-eabi/7.3.1/../../../../arm-none-eabi/lib/thumb/v7-m\libc_nano.a
LOAD c:/st/stm32cubeide_1.1.0/stm32cubeide/plugins/com.st.stm32cube.ide.mcu.externaltools.gnu-tools-for-stm32.7-2018-q2-update.win32_1.0.0.201904181610/tools/bin/../lib/gcc/arm-none-eabi/7.3.1/../../../../arm-none-eabi/lib/thumb/v7-m\libnosys.a
END GROUP
LOAD c:/st/stm32cubeide_1.1.0/stm32cubeide/plugins/com.st.stm32cube.ide.mcu.externaltools.gnu-tools-for-stm32.7-2018-q2-update.win32_1.0.0.201904181610/tools/bin/../lib/gcc/arm-none-eabi/7.3.1/thumb/v7-m/crtend.o
LOAD c:/st/stm32cubeide_1.1.0/stm32cubeide/plugins/com.st.stm32cube.ide.mcu.externaltools.gnu-tools-for-stm32.7-2018-q2-update.win32_1.0.0.201904181610/tools/bin/../lib/gcc/arm-none-eabi/7.3.1/thumb/v7-m/crtn.o
                0x0000000020005000                _estack = (ORIGIN (RAM) + LENGTH (RAM))
                0x0000000000000200                _Min_Heap_Size = 0x200
                0x0000000000000400                _Min_Stack_Size = 0x400

.isr_vector     0x0000000008000000      0x10c
                0x0000000008000000                . = ALIGN (0x4)
 *(.isr_vector)
 .isr_vector    0x0000000008000000      0x10c Core/Startup/startup_stm32f103c8tx.o
                0x0000000008000000                g_pfnVectors
                0x000000000800010c                . = ALIGN (0x4)

.text           0x000000000800010c     0x6f00
                0x000000000800010c                . = ALIGN (0x4)
 *(.text)
 .text          0x000000000800010c       0x40 c:/st/stm32cubeide_1.1.0/stm32cubeide/plugins/com.st.stm32cube.ide.mcu.externaltools.gnu-tools-for-stm32.7-2018-q2-update.win32_1.0.0.201904181610/tools/bin/../lib/gcc/arm-none-eabi/7.3.1/thumb/v7-m/crtbegin.o
 *(.text*)
 .text.getKey   0x000000000800014c      0x16c Core/Src/PressKey.o
                0x000000000800014c                getKey
 .text.changeButtonsState
                0x00000000080002b8       0x34 Core/Src/PressKey.o
                0x00000000080002b8                changeButtonsState
 .text.buttonAssignment
                0x00000000080002ec       0x60 Core/Src/PressKey.o
                0x00000000080002ec                buttonAssignment
 .text.controlKey
                0x000000000800034c      0x120 Core/Src/PressKey.o
                0x000000000800034c                controlKey
 .text.stateOnOffSettings
                0x000000000800046c       0x40 Core/Src/PressKey.o
                0x000000000800046c                stateOnOffSettings
 .text.stateNextSetting
                0x00000000080004ac       0x44 Core/Src/PressKey.o
                0x00000000080004ac                stateNextSetting
 .text.stateNext
                0x00000000080004f0      0x124 Core/Src/PressKey.o
                0x00000000080004f0                stateNext
 .text.statePrevious
                0x0000000008000614      0x11c Core/Src/PressKey.o
                0x0000000008000614                statePrevious
 .text.getStateNextSetting
                0x0000000008000730       0x14 Core/Src/PressKey.o
                0x0000000008000730                getStateNextSetting
 .text.main     0x0000000008000744       0xb0 Core/Src/main.o
                0x0000000008000744                main
 .text.SystemClock_Config
                0x00000000080007f4       0x8a Core/Src/main.o
                0x00000000080007f4                SystemClock_Config
 *fill*         0x000000000800087e        0x2 
 .text.MX_I2C2_Init
                0x0000000008000880       0x5c Core/Src/main.o
 .text.MX_SPI2_Init
                0x00000000080008dc       0x6c Core/Src/main.o
 .text.MX_TIM1_Init
                0x0000000008000948      0x140 Core/Src/main.o
 .text.MX_TIM2_Init
                0x0000000008000a88       0x98 Core/Src/main.o
 .text.MX_GPIO_Init
                0x0000000008000b20      0x128 Core/Src/main.o
 .text.HAL_TIM_PeriodElapsedCallback
                0x0000000008000c48       0x38 Core/Src/main.o
                0x0000000008000c48                HAL_TIM_PeriodElapsedCallback
 .text.controlTickTime
                0x0000000008000c80       0x58 Core/Src/main.o
                0x0000000008000c80                controlTickTime
 .text.getCurrentTick
                0x0000000008000cd8       0x14 Core/Src/main.o
                0x0000000008000cd8                getCurrentTick
 .text.outputMainScreen
                0x0000000008000cec       0xd8 Core/Src/main.o
                0x0000000008000cec                outputMainScreen
 .text.outputSettingsScreen
                0x0000000008000dc4      0x154 Core/Src/main.o
                0x0000000008000dc4                outputSettingsScreen
 .text.twoPoints
                0x0000000008000f18       0x8c Core/Src/main.o
                0x0000000008000f18                twoPoints
 .text.functionGetRTC
                0x0000000008000fa4       0x58 Core/Src/main.o
                0x0000000008000fa4                functionGetRTC
 .text.Error_Handler
                0x0000000008000ffc        0xc Core/Src/main.o
                0x0000000008000ffc                Error_Handler
 .text.initTablo
                0x0000000008001008       0x40 Core/Src/matrix_tablo_tpic.o
                0x0000000008001008                initTablo
 .text.showTablo
                0x0000000008001048      0x15c Core/Src/matrix_tablo_tpic.o
                0x0000000008001048                showTablo
 .text.showString
                0x00000000080011a4      0x494 Core/Src/matrix_tablo_tpic.o
                0x00000000080011a4                showString
 .text.sortTPIC
                0x0000000008001638       0x1c Core/Src/matrix_tablo_tpic.o
                0x0000000008001638                sortTPIC
 .text.offTablo
                0x0000000008001654       0x4c Core/Src/matrix_tablo_tpic.o
                0x0000000008001654                offTablo
 .text.setTicker
                0x00000000080016a0       0x30 Core/Src/matrix_tablo_tpic.o
                0x00000000080016a0                setTicker
 .text.showTicker
                0x00000000080016d0      0x1f0 Core/Src/matrix_tablo_tpic.o
                0x00000000080016d0                showTicker
 .text.totalNumberShifts
                0x00000000080018c0       0x64 Core/Src/matrix_tablo_tpic.o
                0x00000000080018c0                totalNumberShifts
 .text.shift_byte
                0x0000000008001924       0x50 Core/Src/matrix_tablo_tpic.o
                0x0000000008001924                shift_byte
 .text.resetTicker
                0x0000000008001974       0x6c Core/Src/matrix_tablo_tpic.o
                0x0000000008001974                resetTicker
 .text.offTicker
                0x00000000080019e0       0x50 Core/Src/matrix_tablo_tpic.o
                0x00000000080019e0                offTicker
 .text.I2C_WriteBuffer
                0x0000000008001a30       0x4c Core/Src/rtc.o
                0x0000000008001a30                I2C_WriteBuffer
 .text.I2C_ReadBuffer
                0x0000000008001a7c       0x4c Core/Src/rtc.o
                0x0000000008001a7c                I2C_ReadBuffer
 .text.RTC_ConvertFromDec
                0x0000000008001ac8       0x32 Core/Src/rtc.o
                0x0000000008001ac8                RTC_ConvertFromDec
 *fill*         0x0000000008001afa        0x2 
 .text.RTC_ConvertFromBinDec
                0x0000000008001afc       0x48 Core/Src/rtc.o
                0x0000000008001afc                RTC_ConvertFromBinDec
 .text.temperatureDs3231
                0x0000000008001b44       0x94 Core/Src/rtc.o
                0x0000000008001b44                temperatureDs3231
 .text.convertUintToChar
                0x0000000008001bd8       0x68 Core/Src/rtc.o
                0x0000000008001bd8                convertUintToChar
 .text.setTime  0x0000000008001c40      0x104 Core/Src/rtc.o
                0x0000000008001c40                setTime
 .text.getRTC   0x0000000008001d44      0x128 Core/Src/rtc.o
                0x0000000008001d44                getRTC
 .text.getTimeMi
                0x0000000008001e6c       0x28 Core/Src/rtc.o
                0x0000000008001e6c                getTimeMi
 .text.getTimeH
                0x0000000008001e94       0x28 Core/Src/rtc.o
                0x0000000008001e94                getTimeH
 .text.getTimeDW
                0x0000000008001ebc       0x28 Core/Src/rtc.o
                0x0000000008001ebc                getTimeDW
 .text.getTimeDayW
                0x0000000008001ee4       0xb8 Core/Src/rtc.o
                0x0000000008001ee4                getTimeDayW
 .text.getTimeDM
                0x0000000008001f9c       0x28 Core/Src/rtc.o
                0x0000000008001f9c                getTimeDM
 .text.getTimeMo
                0x0000000008001fc4       0x28 Core/Src/rtc.o
                0x0000000008001fc4                getTimeMo
 .text.getTimeMounth
                0x0000000008001fec      0x11c Core/Src/rtc.o
                0x0000000008001fec                getTimeMounth
 .text.getTimeYe
                0x0000000008002108       0x28 Core/Src/rtc.o
                0x0000000008002108                getTimeYe
 .text.getTimeY
                0x0000000008002130       0x74 Core/Src/rtc.o
                0x0000000008002130                getTimeY
 .text.getSizeStringDay
                0x00000000080021a4       0x14 Core/Src/rtc.o
                0x00000000080021a4                getSizeStringDay
 .text.getSizeStringMounth
                0x00000000080021b8       0x14 Core/Src/rtc.o
                0x00000000080021b8                getSizeStringMounth
 .text.automaticTimeTranslation
                0x00000000080021cc      0x1d8 Core/Src/rtc.o
                0x00000000080021cc                automaticTimeTranslation
 .text.translationMounthMarch
                0x00000000080023a4       0x68 Core/Src/rtc.o
                0x00000000080023a4                translationMounthMarch
 .text.translationMounthOctober
                0x000000000800240c       0x68 Core/Src/rtc.o
                0x000000000800240c                translationMounthOctober
 .text.HAL_MspInit
                0x0000000008002474       0x64 Core/Src/stm32f1xx_hal_msp.o
                0x0000000008002474                HAL_MspInit
 .text.HAL_I2C_MspInit
                0x00000000080024d8       0xa0 Core/Src/stm32f1xx_hal_msp.o
                0x00000000080024d8                HAL_I2C_MspInit
 .text.HAL_SPI_MspInit
                0x0000000008002578       0x98 Core/Src/stm32f1xx_hal_msp.o
                0x0000000008002578                HAL_SPI_MspInit
 .text.HAL_TIM_Base_MspInit
                0x0000000008002610       0x70 Core/Src/stm32f1xx_hal_msp.o
                0x0000000008002610                HAL_TIM_Base_MspInit
 .text.HAL_TIM_MspPostInit
                0x0000000008002680       0x68 Core/Src/stm32f1xx_hal_msp.o
                0x0000000008002680                HAL_TIM_MspPostInit
 .text.NMI_Handler
                0x00000000080026e8        0xc Core/Src/stm32f1xx_it.o
                0x00000000080026e8                NMI_Handler
 .text.HardFault_Handler
                0x00000000080026f4        0x6 Core/Src/stm32f1xx_it.o
                0x00000000080026f4                HardFault_Handler
 .text.MemManage_Handler
                0x00000000080026fa        0x6 Core/Src/stm32f1xx_it.o
                0x00000000080026fa                MemManage_Handler
 .text.BusFault_Handler
                0x0000000008002700        0x6 Core/Src/stm32f1xx_it.o
                0x0000000008002700                BusFault_Handler
 .text.UsageFault_Handler
                0x0000000008002706        0x6 Core/Src/stm32f1xx_it.o
                0x0000000008002706                UsageFault_Handler
 .text.SVC_Handler
                0x000000000800270c        0xc Core/Src/stm32f1xx_it.o
                0x000000000800270c                SVC_Handler
 .text.DebugMon_Handler
                0x0000000008002718        0xc Core/Src/stm32f1xx_it.o
                0x0000000008002718                DebugMon_Handler
 .text.PendSV_Handler
                0x0000000008002724        0xc Core/Src/stm32f1xx_it.o
                0x0000000008002724                PendSV_Handler
 .text.SysTick_Handler
                0x0000000008002730        0xc Core/Src/stm32f1xx_it.o
                0x0000000008002730                SysTick_Handler
 .text.TIM2_IRQHandler
                0x000000000800273c       0x14 Core/Src/stm32f1xx_it.o
                0x000000000800273c                TIM2_IRQHandler
 .text.I2C2_EV_IRQHandler
                0x0000000008002750       0x14 Core/Src/stm32f1xx_it.o
                0x0000000008002750                I2C2_EV_IRQHandler
 .text.I2C2_ER_IRQHandler
                0x0000000008002764       0x14 Core/Src/stm32f1xx_it.o
                0x0000000008002764                I2C2_ER_IRQHandler
 .text.SystemInit
                0x0000000008002778       0x68 Core/Src/system_stm32f1xx.o
                0x0000000008002778                SystemInit
 .text.Reset_Handler
                0x00000000080027e0       0x48 Core/Startup/startup_stm32f103c8tx.o
                0x00000000080027e0                Reset_Handler
 .text.Default_Handler
                0x0000000008002828        0x2 Core/Startup/startup_stm32f103c8tx.o
                0x0000000008002828                RTC_Alarm_IRQHandler
                0x0000000008002828                EXTI2_IRQHandler
                0x0000000008002828                TIM1_CC_IRQHandler
                0x0000000008002828                PVD_IRQHandler
                0x0000000008002828                EXTI3_IRQHandler
                0x0000000008002828                EXTI0_IRQHandler
                0x0000000008002828                ADC1_2_IRQHandler
                0x0000000008002828                SPI1_IRQHandler
                0x0000000008002828                TAMPER_IRQHandler
                0x0000000008002828                DMA1_Channel4_IRQHandler
                0x0000000008002828                USART3_IRQHandler
                0x0000000008002828                RTC_IRQHandler
                0x0000000008002828                DMA1_Channel7_IRQHandler
                0x0000000008002828                CAN1_RX1_IRQHandler
                0x0000000008002828                TIM4_IRQHandler
                0x0000000008002828                I2C1_EV_IRQHandler
                0x0000000008002828                DMA1_Channel6_IRQHandler
                0x0000000008002828                TIM3_IRQHandler
                0x0000000008002828                RCC_IRQHandler
                0x0000000008002828                TIM1_TRG_COM_IRQHandler
                0x0000000008002828                DMA1_Channel1_IRQHandler
                0x0000000008002828                Default_Handler
                0x0000000008002828                EXTI15_10_IRQHandler
                0x0000000008002828                EXTI9_5_IRQHandler
                0x0000000008002828                SPI2_IRQHandler
                0x0000000008002828                DMA1_Channel5_IRQHandler
                0x0000000008002828                EXTI4_IRQHandler
                0x0000000008002828                USB_LP_CAN1_RX0_IRQHandler
                0x0000000008002828                USB_HP_CAN1_TX_IRQHandler
                0x0000000008002828                DMA1_Channel3_IRQHandler
                0x0000000008002828                TIM1_UP_IRQHandler
                0x0000000008002828                WWDG_IRQHandler
                0x0000000008002828                TIM1_BRK_IRQHandler
                0x0000000008002828                EXTI1_IRQHandler
                0x0000000008002828                USART2_IRQHandler
                0x0000000008002828                DMA1_Channel2_IRQHandler
                0x0000000008002828                CAN1_SCE_IRQHandler
                0x0000000008002828                FLASH_IRQHandler
                0x0000000008002828                USART1_IRQHandler
                0x0000000008002828                I2C1_ER_IRQHandler
                0x0000000008002828                USBWakeUp_IRQHandler
 *fill*         0x000000000800282a        0x2 
 .text.HAL_Init
                0x000000000800282c       0x2c Drivers/STM32F1xx_HAL_Driver/Src/stm32f1xx_hal.o
                0x000000000800282c                HAL_Init
 .text.HAL_InitTick
                0x0000000008002858       0x60 Drivers/STM32F1xx_HAL_Driver/Src/stm32f1xx_hal.o
                0x0000000008002858                HAL_InitTick
 .text.HAL_IncTick
                0x00000000080028b8       0x24 Drivers/STM32F1xx_HAL_Driver/Src/stm32f1xx_hal.o
                0x00000000080028b8                HAL_IncTick
 .text.HAL_GetTick
                0x00000000080028dc       0x14 Drivers/STM32F1xx_HAL_Driver/Src/stm32f1xx_hal.o
                0x00000000080028dc                HAL_GetTick
 .text.__NVIC_SetPriorityGrouping
                0x00000000080028f0       0x48 Drivers/STM32F1xx_HAL_Driver/Src/stm32f1xx_hal_cortex.o
 .text.__NVIC_GetPriorityGrouping
                0x0000000008002938       0x1c Drivers/STM32F1xx_HAL_Driver/Src/stm32f1xx_hal_cortex.o
 .text.__NVIC_EnableIRQ
                0x0000000008002954       0x38 Drivers/STM32F1xx_HAL_Driver/Src/stm32f1xx_hal_cortex.o
 .text.__NVIC_SetPriority
                0x000000000800298c       0x54 Drivers/STM32F1xx_HAL_Driver/Src/stm32f1xx_hal_cortex.o
 .text.NVIC_EncodePriority
                0x00000000080029e0       0x64 Drivers/STM32F1xx_HAL_Driver/Src/stm32f1xx_hal_cortex.o
 .text.SysTick_Config
                0x0000000008002a44       0x44 Drivers/STM32F1xx_HAL_Driver/Src/stm32f1xx_hal_cortex.o
 .text.HAL_NVIC_SetPriorityGrouping
                0x0000000008002a88       0x16 Drivers/STM32F1xx_HAL_Driver/Src/stm32f1xx_hal_cortex.o
                0x0000000008002a88                HAL_NVIC_SetPriorityGrouping
 .text.HAL_NVIC_SetPriority
                0x0000000008002a9e       0x38 Drivers/STM32F1xx_HAL_Driver/Src/stm32f1xx_hal_cortex.o
                0x0000000008002a9e                HAL_NVIC_SetPriority
 .text.HAL_NVIC_EnableIRQ
                0x0000000008002ad6       0x1c Drivers/STM32F1xx_HAL_Driver/Src/stm32f1xx_hal_cortex.o
                0x0000000008002ad6                HAL_NVIC_EnableIRQ
 .text.HAL_SYSTICK_Config
                0x0000000008002af2       0x18 Drivers/STM32F1xx_HAL_Driver/Src/stm32f1xx_hal_cortex.o
                0x0000000008002af2                HAL_SYSTICK_Config
 *fill*         0x0000000008002b0a        0x2 
 .text.HAL_DMA_Abort_IT
                0x0000000008002b0c       0xec Drivers/STM32F1xx_HAL_Driver/Src/stm32f1xx_hal_dma.o
                0x0000000008002b0c                HAL_DMA_Abort_IT
 .text.HAL_DMA_GetState
                0x0000000008002bf8       0x18 Drivers/STM32F1xx_HAL_Driver/Src/stm32f1xx_hal_dma.o
                0x0000000008002bf8                HAL_DMA_GetState
 .text.HAL_GPIO_Init
                0x0000000008002c10      0x2b4 Drivers/STM32F1xx_HAL_Driver/Src/stm32f1xx_hal_gpio.o
                0x0000000008002c10                HAL_GPIO_Init
 .text.HAL_GPIO_ReadPin
                0x0000000008002ec4       0x2e Drivers/STM32F1xx_HAL_Driver/Src/stm32f1xx_hal_gpio.o
                0x0000000008002ec4                HAL_GPIO_ReadPin
 .text.HAL_GPIO_WritePin
                0x0000000008002ef2       0x30 Drivers/STM32F1xx_HAL_Driver/Src/stm32f1xx_hal_gpio.o
                0x0000000008002ef2                HAL_GPIO_WritePin
 .text.HAL_GPIO_TogglePin
                0x0000000008002f22       0x30 Drivers/STM32F1xx_HAL_Driver/Src/stm32f1xx_hal_gpio.o
                0x0000000008002f22                HAL_GPIO_TogglePin
 *fill*         0x0000000008002f52        0x2 
 .text.HAL_I2C_Init
                0x0000000008002f54      0x250 Drivers/STM32F1xx_HAL_Driver/Src/stm32f1xx_hal_i2c.o
                0x0000000008002f54                HAL_I2C_Init
 .text.HAL_I2C_Master_Transmit
                0x00000000080031a4      0x1fc Drivers/STM32F1xx_HAL_Driver/Src/stm32f1xx_hal_i2c.o
                0x00000000080031a4                HAL_I2C_Master_Transmit
 .text.HAL_I2C_Master_Receive
                0x00000000080033a0      0x45c Drivers/STM32F1xx_HAL_Driver/Src/stm32f1xx_hal_i2c.o
                0x00000000080033a0                HAL_I2C_Master_Receive
 .text.HAL_I2C_EV_IRQHandler
                0x00000000080037fc      0x2cc Drivers/STM32F1xx_HAL_Driver/Src/stm32f1xx_hal_i2c.o
                0x00000000080037fc                HAL_I2C_EV_IRQHandler
 .text.HAL_I2C_ER_IRQHandler
                0x0000000008003ac8      0x15a Drivers/STM32F1xx_HAL_Driver/Src/stm32f1xx_hal_i2c.o
                0x0000000008003ac8                HAL_I2C_ER_IRQHandler
 .text.HAL_I2C_MasterTxCpltCallback
                0x0000000008003c22       0x12 Drivers/STM32F1xx_HAL_Driver/Src/stm32f1xx_hal_i2c.o
                0x0000000008003c22                HAL_I2C_MasterTxCpltCallback
 .text.HAL_I2C_MasterRxCpltCallback
                0x0000000008003c34       0x12 Drivers/STM32F1xx_HAL_Driver/Src/stm32f1xx_hal_i2c.o
                0x0000000008003c34                HAL_I2C_MasterRxCpltCallback
 .text.HAL_I2C_SlaveTxCpltCallback
                0x0000000008003c46       0x12 Drivers/STM32F1xx_HAL_Driver/Src/stm32f1xx_hal_i2c.o
                0x0000000008003c46                HAL_I2C_SlaveTxCpltCallback
 .text.HAL_I2C_SlaveRxCpltCallback
                0x0000000008003c58       0x12 Drivers/STM32F1xx_HAL_Driver/Src/stm32f1xx_hal_i2c.o
                0x0000000008003c58                HAL_I2C_SlaveRxCpltCallback
 .text.HAL_I2C_AddrCallback
                0x0000000008003c6a       0x1a Drivers/STM32F1xx_HAL_Driver/Src/stm32f1xx_hal_i2c.o
                0x0000000008003c6a                HAL_I2C_AddrCallback
 .text.HAL_I2C_ListenCpltCallback
                0x0000000008003c84       0x12 Drivers/STM32F1xx_HAL_Driver/Src/stm32f1xx_hal_i2c.o
                0x0000000008003c84                HAL_I2C_ListenCpltCallback
 .text.HAL_I2C_MemTxCpltCallback
                0x0000000008003c96       0x12 Drivers/STM32F1xx_HAL_Driver/Src/stm32f1xx_hal_i2c.o
                0x0000000008003c96                HAL_I2C_MemTxCpltCallback
 .text.HAL_I2C_MemRxCpltCallback
                0x0000000008003ca8       0x12 Drivers/STM32F1xx_HAL_Driver/Src/stm32f1xx_hal_i2c.o
                0x0000000008003ca8                HAL_I2C_MemRxCpltCallback
 .text.HAL_I2C_ErrorCallback
                0x0000000008003cba       0x12 Drivers/STM32F1xx_HAL_Driver/Src/stm32f1xx_hal_i2c.o
                0x0000000008003cba                HAL_I2C_ErrorCallback
 .text.HAL_I2C_AbortCpltCallback
                0x0000000008003ccc       0x12 Drivers/STM32F1xx_HAL_Driver/Src/stm32f1xx_hal_i2c.o
                0x0000000008003ccc                HAL_I2C_AbortCpltCallback
 .text.HAL_I2C_GetState
                0x0000000008003cde       0x1a Drivers/STM32F1xx_HAL_Driver/Src/stm32f1xx_hal_i2c.o
                0x0000000008003cde                HAL_I2C_GetState
 .text.HAL_I2C_GetError
                0x0000000008003cf8       0x16 Drivers/STM32F1xx_HAL_Driver/Src/stm32f1xx_hal_i2c.o
                0x0000000008003cf8                HAL_I2C_GetError
 .text.I2C_MasterTransmit_TXE
                0x0000000008003d0e      0x1f0 Drivers/STM32F1xx_HAL_Driver/Src/stm32f1xx_hal_i2c.o
 .text.I2C_MasterTransmit_BTF
                0x0000000008003efe       0xec Drivers/STM32F1xx_HAL_Driver/Src/stm32f1xx_hal_i2c.o
 .text.I2C_MasterReceive_RXNE
                0x0000000008003fea      0x104 Drivers/STM32F1xx_HAL_Driver/Src/stm32f1xx_hal_i2c.o
 .text.I2C_MasterReceive_BTF
                0x00000000080040ee      0x1d4 Drivers/STM32F1xx_HAL_Driver/Src/stm32f1xx_hal_i2c.o
 .text.I2C_Master_SB
                0x00000000080042c2      0x10a Drivers/STM32F1xx_HAL_Driver/Src/stm32f1xx_hal_i2c.o
 .text.I2C_Master_ADD10
                0x00000000080043cc       0x52 Drivers/STM32F1xx_HAL_Driver/Src/stm32f1xx_hal_i2c.o
 .text.I2C_Master_ADDR
                0x000000000800441e      0x336 Drivers/STM32F1xx_HAL_Driver/Src/stm32f1xx_hal_i2c.o
 .text.I2C_SlaveTransmit_TXE
                0x0000000008004754       0x7a Drivers/STM32F1xx_HAL_Driver/Src/stm32f1xx_hal_i2c.o
 .text.I2C_SlaveTransmit_BTF
                0x00000000080047ce       0x40 Drivers/STM32F1xx_HAL_Driver/Src/stm32f1xx_hal_i2c.o
 .text.I2C_SlaveReceive_RXNE
                0x000000000800480e       0x7c Drivers/STM32F1xx_HAL_Driver/Src/stm32f1xx_hal_i2c.o
 .text.I2C_SlaveReceive_BTF
                0x000000000800488a       0x42 Drivers/STM32F1xx_HAL_Driver/Src/stm32f1xx_hal_i2c.o
 .text.I2C_Slave_ADDR
                0x00000000080048cc       0x88 Drivers/STM32F1xx_HAL_Driver/Src/stm32f1xx_hal_i2c.o
 .text.I2C_Slave_STOPF
                0x0000000008004954      0x260 Drivers/STM32F1xx_HAL_Driver/Src/stm32f1xx_hal_i2c.o
 .text.I2C_Slave_AF
                0x0000000008004bb4       0xe0 Drivers/STM32F1xx_HAL_Driver/Src/stm32f1xx_hal_i2c.o
 .text.I2C_ITError
                0x0000000008004c94      0x22c Drivers/STM32F1xx_HAL_Driver/Src/stm32f1xx_hal_i2c.o
 .text.I2C_MasterRequestWrite
                0x0000000008004ec0       0xec Drivers/STM32F1xx_HAL_Driver/Src/stm32f1xx_hal_i2c.o
 .text.I2C_MasterRequestRead
                0x0000000008004fac      0x16c Drivers/STM32F1xx_HAL_Driver/Src/stm32f1xx_hal_i2c.o
 .text.I2C_DMAAbort
                0x0000000008005118       0xde Drivers/STM32F1xx_HAL_Driver/Src/stm32f1xx_hal_i2c.o
 .text.I2C_WaitOnFlagUntilTimeout
                0x00000000080051f6       0xae Drivers/STM32F1xx_HAL_Driver/Src/stm32f1xx_hal_i2c.o
 .text.I2C_WaitOnMasterAddressFlagUntilTimeout
                0x00000000080052a4       0xfe Drivers/STM32F1xx_HAL_Driver/Src/stm32f1xx_hal_i2c.o
 .text.I2C_WaitOnTXEFlagUntilTimeout
                0x00000000080053a2       0x82 Drivers/STM32F1xx_HAL_Driver/Src/stm32f1xx_hal_i2c.o
 .text.I2C_WaitOnBTFFlagUntilTimeout
                0x0000000008005424       0x82 Drivers/STM32F1xx_HAL_Driver/Src/stm32f1xx_hal_i2c.o
 .text.I2C_WaitOnRXNEFlagUntilTimeout
                0x00000000080054a6       0xac Drivers/STM32F1xx_HAL_Driver/Src/stm32f1xx_hal_i2c.o
 .text.I2C_IsAcknowledgeFailed
                0x0000000008005552       0x5c Drivers/STM32F1xx_HAL_Driver/Src/stm32f1xx_hal_i2c.o
 .text.I2C_ConvertOtherXferOptions
                0x00000000080055ae       0x34 Drivers/STM32F1xx_HAL_Driver/Src/stm32f1xx_hal_i2c.o
 *fill*         0x00000000080055e2        0x2 
 .text.HAL_RCC_OscConfig
                0x00000000080055e4      0x500 Drivers/STM32F1xx_HAL_Driver/Src/stm32f1xx_hal_rcc.o
                0x00000000080055e4                HAL_RCC_OscConfig
 .text.HAL_RCC_ClockConfig
                0x0000000008005ae4      0x1d4 Drivers/STM32F1xx_HAL_Driver/Src/stm32f1xx_hal_rcc.o
                0x0000000008005ae4                HAL_RCC_ClockConfig
 .text.HAL_RCC_GetSysClockFreq
                0x0000000008005cb8       0xc4 Drivers/STM32F1xx_HAL_Driver/Src/stm32f1xx_hal_rcc.o
                0x0000000008005cb8                HAL_RCC_GetSysClockFreq
 .text.HAL_RCC_GetHCLKFreq
                0x0000000008005d7c       0x14 Drivers/STM32F1xx_HAL_Driver/Src/stm32f1xx_hal_rcc.o
                0x0000000008005d7c                HAL_RCC_GetHCLKFreq
 .text.HAL_RCC_GetPCLK1Freq
                0x0000000008005d90       0x28 Drivers/STM32F1xx_HAL_Driver/Src/stm32f1xx_hal_rcc.o
                0x0000000008005d90                HAL_RCC_GetPCLK1Freq
 .text.RCC_Delay
                0x0000000008005db8       0x3c Drivers/STM32F1xx_HAL_Driver/Src/stm32f1xx_hal_rcc.o
 .text.HAL_SPI_Init
                0x0000000008005df4       0xc2 Drivers/STM32F1xx_HAL_Driver/Src/stm32f1xx_hal_spi.o
                0x0000000008005df4                HAL_SPI_Init
 .text.HAL_SPI_Transmit
                0x0000000008005eb6      0x268 Drivers/STM32F1xx_HAL_Driver/Src/stm32f1xx_hal_spi.o
                0x0000000008005eb6                HAL_SPI_Transmit
 .text.SPI_WaitFlagStateUntilTimeout
                0x000000000800611e       0xd4 Drivers/STM32F1xx_HAL_Driver/Src/stm32f1xx_hal_spi.o
 .text.SPI_EndRxTxTransaction
                0x00000000080061f2       0x3c Drivers/STM32F1xx_HAL_Driver/Src/stm32f1xx_hal_spi.o
 .text.HAL_TIM_Base_Init
                0x000000000800622e       0x56 Drivers/STM32F1xx_HAL_Driver/Src/stm32f1xx_hal_tim.o
                0x000000000800622e                HAL_TIM_Base_Init
 .text.HAL_TIM_Base_Start_IT
                0x0000000008006284       0x46 Drivers/STM32F1xx_HAL_Driver/Src/stm32f1xx_hal_tim.o
                0x0000000008006284                HAL_TIM_Base_Start_IT
 .text.HAL_TIM_PWM_Init
                0x00000000080062ca       0x56 Drivers/STM32F1xx_HAL_Driver/Src/stm32f1xx_hal_tim.o
                0x00000000080062ca                HAL_TIM_PWM_Init
 .text.HAL_TIM_PWM_MspInit
                0x0000000008006320       0x12 Drivers/STM32F1xx_HAL_Driver/Src/stm32f1xx_hal_tim.o
                0x0000000008006320                HAL_TIM_PWM_MspInit
 *fill*         0x0000000008006332        0x2 
 .text.HAL_TIM_PWM_Start
                0x0000000008006334       0x64 Drivers/STM32F1xx_HAL_Driver/Src/stm32f1xx_hal_tim.o
                0x0000000008006334                HAL_TIM_PWM_Start
 .text.HAL_TIM_IRQHandler
                0x0000000008006398      0x210 Drivers/STM32F1xx_HAL_Driver/Src/stm32f1xx_hal_tim.o
                0x0000000008006398                HAL_TIM_IRQHandler
 .text.HAL_TIM_PWM_ConfigChannel
                0x00000000080065a8      0x18c Drivers/STM32F1xx_HAL_Driver/Src/stm32f1xx_hal_tim.o
                0x00000000080065a8                HAL_TIM_PWM_ConfigChannel
 .text.HAL_TIM_ConfigClockSource
                0x0000000008006734      0x16e Drivers/STM32F1xx_HAL_Driver/Src/stm32f1xx_hal_tim.o
                0x0000000008006734                HAL_TIM_ConfigClockSource
 .text.HAL_TIM_OC_DelayElapsedCallback
                0x00000000080068a2       0x12 Drivers/STM32F1xx_HAL_Driver/Src/stm32f1xx_hal_tim.o
                0x00000000080068a2                HAL_TIM_OC_DelayElapsedCallback
 .text.HAL_TIM_IC_CaptureCallback
                0x00000000080068b4       0x12 Drivers/STM32F1xx_HAL_Driver/Src/stm32f1xx_hal_tim.o
                0x00000000080068b4                HAL_TIM_IC_CaptureCallback
 .text.HAL_TIM_PWM_PulseFinishedCallback
                0x00000000080068c6       0x12 Drivers/STM32F1xx_HAL_Driver/Src/stm32f1xx_hal_tim.o
                0x00000000080068c6                HAL_TIM_PWM_PulseFinishedCallback
 .text.HAL_TIM_TriggerCallback
                0x00000000080068d8       0x12 Drivers/STM32F1xx_HAL_Driver/Src/stm32f1xx_hal_tim.o
                0x00000000080068d8                HAL_TIM_TriggerCallback
 *fill*         0x00000000080068ea        0x2 
 .text.TIM_Base_SetConfig
                0x00000000080068ec       0xc4 Drivers/STM32F1xx_HAL_Driver/Src/stm32f1xx_hal_tim.o
                0x00000000080068ec                TIM_Base_SetConfig
 .text.TIM_OC1_SetConfig
                0x00000000080069b0       0xcc Drivers/STM32F1xx_HAL_Driver/Src/stm32f1xx_hal_tim.o
 .text.TIM_OC2_SetConfig
                0x0000000008006a7c       0xd4 Drivers/STM32F1xx_HAL_Driver/Src/stm32f1xx_hal_tim.o
                0x0000000008006a7c                TIM_OC2_SetConfig
 .text.TIM_OC3_SetConfig
                0x0000000008006b50       0xd4 Drivers/STM32F1xx_HAL_Driver/Src/stm32f1xx_hal_tim.o
 .text.TIM_OC4_SetConfig
                0x0000000008006c24       0x9c Drivers/STM32F1xx_HAL_Driver/Src/stm32f1xx_hal_tim.o
 .text.TIM_TI1_ConfigInputStage
                0x0000000008006cc0       0x5c Drivers/STM32F1xx_HAL_Driver/Src/stm32f1xx_hal_tim.o
 .text.TIM_TI2_ConfigInputStage
                0x0000000008006d1c       0x5e Drivers/STM32F1xx_HAL_Driver/Src/stm32f1xx_hal_tim.o
 .text.TIM_ITRx_SetConfig
                0x0000000008006d7a       0x34 Drivers/STM32F1xx_HAL_Driver/Src/stm32f1xx_hal_tim.o
 .text.TIM_ETR_SetConfig
                0x0000000008006dae       0x3e Drivers/STM32F1xx_HAL_Driver/Src/stm32f1xx_hal_tim.o
                0x0000000008006dae                TIM_ETR_SetConfig
 .text.TIM_CCxChannelCmd
                0x0000000008006dec       0x48 Drivers/STM32F1xx_HAL_Driver/Src/stm32f1xx_hal_tim.o
                0x0000000008006dec                TIM_CCxChannelCmd
 .text.HAL_TIMEx_MasterConfigSynchronization
                0x0000000008006e34       0x88 Drivers/STM32F1xx_HAL_Driver/Src/stm32f1xx_hal_tim_ex.o
                0x0000000008006e34                HAL_TIMEx_MasterConfigSynchronization
 .text.HAL_TIMEx_ConfigBreakDeadTime
                0x0000000008006ebc       0xa2 Drivers/STM32F1xx_HAL_Driver/Src/stm32f1xx_hal_tim_ex.o
                0x0000000008006ebc                HAL_TIMEx_ConfigBreakDeadTime
 .text.HAL_TIMEx_CommutCallback
                0x0000000008006f5e       0x12 Drivers/STM32F1xx_HAL_Driver/Src/stm32f1xx_hal_tim_ex.o
                0x0000000008006f5e                HAL_TIMEx_CommutCallback
 .text.HAL_TIMEx_BreakCallback
                0x0000000008006f70       0x12 Drivers/STM32F1xx_HAL_Driver/Src/stm32f1xx_hal_tim_ex.o
                0x0000000008006f70                HAL_TIMEx_BreakCallback
 *fill*         0x0000000008006f82        0x2 
 .text.__libc_init_array
                0x0000000008006f84       0x48 c:/st/stm32cubeide_1.1.0/stm32cubeide/plugins/com.st.stm32cube.ide.mcu.externaltools.gnu-tools-for-stm32.7-2018-q2-update.win32_1.0.0.201904181610/tools/bin/../lib/gcc/arm-none-eabi/7.3.1/../../../../arm-none-eabi/lib/thumb/v7-m\libc_nano.a(lib_a-init.o)
                0x0000000008006f84                __libc_init_array
 .text.memcpy   0x0000000008006fcc       0x16 c:/st/stm32cubeide_1.1.0/stm32cubeide/plugins/com.st.stm32cube.ide.mcu.externaltools.gnu-tools-for-stm32.7-2018-q2-update.win32_1.0.0.201904181610/tools/bin/../lib/gcc/arm-none-eabi/7.3.1/../../../../arm-none-eabi/lib/thumb/v7-m\libc_nano.a(lib_a-memcpy-stub.o)
                0x0000000008006fcc                memcpy
 .text.memset   0x0000000008006fe2       0x10 c:/st/stm32cubeide_1.1.0/stm32cubeide/plugins/com.st.stm32cube.ide.mcu.externaltools.gnu-tools-for-stm32.7-2018-q2-update.win32_1.0.0.201904181610/tools/bin/../lib/gcc/arm-none-eabi/7.3.1/../../../../arm-none-eabi/lib/thumb/v7-m\libc_nano.a(lib_a-memset.o)
                0x0000000008006fe2                memset
 *(.glue_7)
 .glue_7        0x0000000008006ff2        0x0 linker stubs
 *(.glue_7t)
 .glue_7t       0x0000000008006ff2        0x0 linker stubs
 *(.eh_frame)
 *fill*         0x0000000008006ff2        0x2 
 .eh_frame      0x0000000008006ff4        0x0 c:/st/stm32cubeide_1.1.0/stm32cubeide/plugins/com.st.stm32cube.ide.mcu.externaltools.gnu-tools-for-stm32.7-2018-q2-update.win32_1.0.0.201904181610/tools/bin/../lib/gcc/arm-none-eabi/7.3.1/thumb/v7-m/crtbegin.o
 *(.init)
 .init          0x0000000008006ff4        0x4 c:/st/stm32cubeide_1.1.0/stm32cubeide/plugins/com.st.stm32cube.ide.mcu.externaltools.gnu-tools-for-stm32.7-2018-q2-update.win32_1.0.0.201904181610/tools/bin/../lib/gcc/arm-none-eabi/7.3.1/thumb/v7-m/crti.o
                0x0000000008006ff4                _init
 .init          0x0000000008006ff8        0x8 c:/st/stm32cubeide_1.1.0/stm32cubeide/plugins/com.st.stm32cube.ide.mcu.externaltools.gnu-tools-for-stm32.7-2018-q2-update.win32_1.0.0.201904181610/tools/bin/../lib/gcc/arm-none-eabi/7.3.1/thumb/v7-m/crtn.o
 *(.fini)
 .fini          0x0000000008007000        0x4 c:/st/stm32cubeide_1.1.0/stm32cubeide/plugins/com.st.stm32cube.ide.mcu.externaltools.gnu-tools-for-stm32.7-2018-q2-update.win32_1.0.0.201904181610/tools/bin/../lib/gcc/arm-none-eabi/7.3.1/thumb/v7-m/crti.o
                0x0000000008007000                _fini
 .fini          0x0000000008007004        0x8 c:/st/stm32cubeide_1.1.0/stm32cubeide/plugins/com.st.stm32cube.ide.mcu.externaltools.gnu-tools-for-stm32.7-2018-q2-update.win32_1.0.0.201904181610/tools/bin/../lib/gcc/arm-none-eabi/7.3.1/thumb/v7-m/crtn.o
                0x000000000800700c                . = ALIGN (0x4)
                0x000000000800700c                _etext = .

.vfp11_veneer   0x000000000800700c        0x0
 .vfp11_veneer  0x000000000800700c        0x0 linker stubs

.v4_bx          0x000000000800700c        0x0
 .v4_bx         0x000000000800700c        0x0 linker stubs

.iplt           0x000000000800700c        0x0
 .iplt          0x000000000800700c        0x0 c:/st/stm32cubeide_1.1.0/stm32cubeide/plugins/com.st.stm32cube.ide.mcu.externaltools.gnu-tools-for-stm32.7-2018-q2-update.win32_1.0.0.201904181610/tools/bin/../lib/gcc/arm-none-eabi/7.3.1/thumb/v7-m/crtbegin.o

.rodata         0x000000000800700c      0x318
                0x000000000800700c                . = ALIGN (0x4)
 *(.rodata)
 .rodata        0x000000000800700c       0x12 Core/Src/main.o
 *fill*         0x000000000800701e        0x2 
 .rodata        0x0000000008007020      0x12b Core/Src/rtc.o
 *fill*         0x000000000800714b        0x1 
 .rodata        0x000000000800714c       0x12 Drivers/STM32F1xx_HAL_Driver/Src/stm32f1xx_hal_rcc.o
 *(.rodata*)
 *fill*         0x000000000800715e        0x2 
 .rodata.letters_and_numbers
                0x0000000008007160      0x198 Core/Src/matrix_tablo_tpic.o
                0x0000000008007160                letters_and_numbers
 .rodata.array_Date_Automatic_Time_Translation
                0x00000000080072f8       0x13 Core/Src/rtc.o
                0x00000000080072f8                array_Date_Automatic_Time_Translation
 *fill*         0x000000000800730b        0x1 
 .rodata.AHBPrescTable
                0x000000000800730c       0x10 Core/Src/system_stm32f1xx.o
                0x000000000800730c                AHBPrescTable
 .rodata.APBPrescTable
                0x000000000800731c        0x8 Core/Src/system_stm32f1xx.o
                0x000000000800731c                APBPrescTable
                0x0000000008007324                . = ALIGN (0x4)

.rel.dyn        0x0000000008007324        0x0
 .rel.iplt      0x0000000008007324        0x0 c:/st/stm32cubeide_1.1.0/stm32cubeide/plugins/com.st.stm32cube.ide.mcu.externaltools.gnu-tools-for-stm32.7-2018-q2-update.win32_1.0.0.201904181610/tools/bin/../lib/gcc/arm-none-eabi/7.3.1/thumb/v7-m/crtbegin.o

.ARM.extab      0x0000000008007324        0x0
                0x0000000008007324                . = ALIGN (0x4)
 *(.ARM.extab* .gnu.linkonce.armextab.*)
                0x0000000008007324                . = ALIGN (0x4)

.ARM            0x0000000008007324        0x0
                0x0000000008007324                . = ALIGN (0x4)
                0x0000000008007324                __exidx_start = .
 *(.ARM.exidx*)
                0x0000000008007324                __exidx_end = .
                0x0000000008007324                . = ALIGN (0x4)

.preinit_array  0x0000000008007324        0x0
                0x0000000008007324                . = ALIGN (0x4)
                0x0000000008007324                PROVIDE (__preinit_array_start = .)
 *(.preinit_array*)
                0x0000000008007324                PROVIDE (__preinit_array_end = .)
                0x0000000008007324                . = ALIGN (0x4)

.init_array     0x0000000008007324        0x4
                0x0000000008007324                . = ALIGN (0x4)
                0x0000000008007324                PROVIDE (__init_array_start = .)
 *(SORT_BY_NAME(.init_array.*))
 *(.init_array*)
 .init_array    0x0000000008007324        0x4 c:/st/stm32cubeide_1.1.0/stm32cubeide/plugins/com.st.stm32cube.ide.mcu.externaltools.gnu-tools-for-stm32.7-2018-q2-update.win32_1.0.0.201904181610/tools/bin/../lib/gcc/arm-none-eabi/7.3.1/thumb/v7-m/crtbegin.o
                0x0000000008007328                PROVIDE (__init_array_end = .)
                0x0000000008007328                . = ALIGN (0x4)

.fini_array     0x0000000008007328        0x4
                0x0000000008007328                . = ALIGN (0x4)
                [!provide]                        PROVIDE (__fini_array_start = .)
 *(SORT_BY_NAME(.fini_array.*))
 *(.fini_array*)
 .fini_array    0x0000000008007328        0x4 c:/st/stm32cubeide_1.1.0/stm32cubeide/plugins/com.st.stm32cube.ide.mcu.externaltools.gnu-tools-for-stm32.7-2018-q2-update.win32_1.0.0.201904181610/tools/bin/../lib/gcc/arm-none-eabi/7.3.1/thumb/v7-m/crtbegin.o
                [!provide]                        PROVIDE (__fini_array_end = .)
                0x000000000800732c                . = ALIGN (0x4)
                0x000000000800732c                _sidata = LOADADDR (.data)

.data           0x0000000020000000       0x18 load address 0x000000000800732c
                0x0000000020000000                . = ALIGN (0x4)
                0x0000000020000000                _sdata = .
 *(.data)
 *(.data*)
 .data.timer_off3
                0x0000000020000000        0x1 Core/Src/PressKey.o
                0x0000000020000000                timer_off3
 .data.timer_off4
                0x0000000020000001        0x1 Core/Src/PressKey.o
                0x0000000020000001                timer_off4
 .data.timer_off1
                0x0000000020000002        0x1 Core/Src/main.o
                0x0000000020000002                timer_off1
 .data.two_points
                0x0000000020000003        0x1 Core/Src/main.o
                0x0000000020000003                two_points
 .data.timer_off2
                0x0000000020000004        0x1 Core/Src/main.o
                0x0000000020000004                timer_off2
 .data.temp_line1
                0x0000000020000005        0x1 Core/Src/matrix_tablo_tpic.o
                0x0000000020000005                temp_line1
 .data.temp_line2
                0x0000000020000006        0x1 Core/Src/matrix_tablo_tpic.o
                0x0000000020000006                temp_line2
 .data.temp_line3
                0x0000000020000007        0x1 Core/Src/matrix_tablo_tpic.o
                0x0000000020000007                temp_line3
 .data.temp_line
                0x0000000020000008        0x1 Core/Src/matrix_tablo_tpic.o
                0x0000000020000008                temp_line
 *fill*         0x0000000020000009        0x3 
 .data.SystemCoreClock
                0x000000002000000c        0x4 Core/Src/system_stm32f1xx.o
                0x000000002000000c                SystemCoreClock
 .data.uwTickPrio
                0x0000000020000010        0x4 Drivers/STM32F1xx_HAL_Driver/Src/stm32f1xx_hal.o
                0x0000000020000010                uwTickPrio
 .data.uwTickFreq
                0x0000000020000014        0x1 Drivers/STM32F1xx_HAL_Driver/Src/stm32f1xx_hal.o
                0x0000000020000014                uwTickFreq
                0x0000000020000018                . = ALIGN (0x4)
 *fill*         0x0000000020000015        0x3 
                0x0000000020000018                _edata = .

.igot.plt       0x0000000020000018        0x0 load address 0x0000000008007344
 .igot.plt      0x0000000020000018        0x0 c:/st/stm32cubeide_1.1.0/stm32cubeide/plugins/com.st.stm32cube.ide.mcu.externaltools.gnu-tools-for-stm32.7-2018-q2-update.win32_1.0.0.201904181610/tools/bin/../lib/gcc/arm-none-eabi/7.3.1/thumb/v7-m/crtbegin.o
                0x0000000020000018                . = ALIGN (0x4)

.bss            0x0000000020000018      0x6f8 load address 0x0000000008007344
                0x0000000020000018                _sbss = .
                0x0000000020000018                __bss_start__ = _sbss
 *(.bss)
 .bss           0x0000000020000018       0x1c c:/st/stm32cubeide_1.1.0/stm32cubeide/plugins/com.st.stm32cube.ide.mcu.externaltools.gnu-tools-for-stm32.7-2018-q2-update.win32_1.0.0.201904181610/tools/bin/../lib/gcc/arm-none-eabi/7.3.1/thumb/v7-m/crtbegin.o
 *(.bss*)
 .bss.fix_ti3   0x0000000020000034        0x2 Core/Src/PressKey.o
                0x0000000020000034                fix_ti3
 .bss.fix_ti4   0x0000000020000036        0x2 Core/Src/PressKey.o
                0x0000000020000036                fix_ti4
 .bss.set_setting
                0x0000000020000038        0x1 Core/Src/PressKey.o
                0x0000000020000038                set_setting
 .bss.change_button_state
                0x0000000020000039        0x1 Core/Src/PressKey.o
                0x0000000020000039                change_button_state
 .bss.change_button
                0x000000002000003a        0x1 Core/Src/PressKey.o
                0x000000002000003a                change_button
 .bss.key_next_was_pressed.6399
                0x000000002000003b        0x1 Core/Src/PressKey.o
 .bss.key_previous_was_pressed.6400
                0x000000002000003c        0x1 Core/Src/PressKey.o
 .bss.key_settings_was_pressed.6401
                0x000000002000003d        0x1 Core/Src/PressKey.o
 .bss.current_tick
                0x000000002000003e        0x2 Core/Src/main.o
                0x000000002000003e                current_tick
 .bss.menu_settings
                0x0000000020000040        0x1 Core/Src/main.o
                0x0000000020000040                menu_settings
 *fill*         0x0000000020000041        0x1 
 .bss.fix_ti1   0x0000000020000042        0x2 Core/Src/main.o
                0x0000000020000042                fix_ti1
 .bss.fix_ti2   0x0000000020000044        0x2 Core/Src/main.o
                0x0000000020000044                fix_ti2
 .bss.stroka    0x0000000020000046        0x1 Core/Src/matrix_tablo_tpic.o
                0x0000000020000046                stroka
 *fill*         0x0000000020000047        0x1 
 .bss.num_shift_ticker
                0x0000000020000048        0x3 Core/Src/matrix_tablo_tpic.o
                0x0000000020000048                num_shift_ticker
 *fill*         0x000000002000004b        0x1 
 .bss.aTxBuffer
                0x000000002000004c        0xf Core/Src/matrix_tablo_tpic.o
                0x000000002000004c                aTxBuffer
 *fill*         0x000000002000005b        0x1 
 .bss.BufferTablo
                0x000000002000005c       0x78 Core/Src/matrix_tablo_tpic.o
                0x000000002000005c                BufferTablo
 .bss.BufferTabloTicker
                0x00000000200000d4      0x4c8 Core/Src/matrix_tablo_tpic.o
                0x00000000200000d4                BufferTabloTicker
 .bss.if_ticker
                0x000000002000059c        0x1 Core/Src/matrix_tablo_tpic.o
                0x000000002000059c                if_ticker
 *fill*         0x000000002000059d        0x3 
 .bss.show_seven_lines
                0x00000000200005a0        0x4 Core/Src/matrix_tablo_tpic.o
                0x00000000200005a0                show_seven_lines
 .bss.count_line_ticker
                0x00000000200005a4        0x1 Core/Src/matrix_tablo_tpic.o
                0x00000000200005a4                count_line_ticker
 .bss.count_line
                0x00000000200005a5        0x1 Core/Src/matrix_tablo_tpic.o
                0x00000000200005a5                count_line
 .bss.perevedeno
                0x00000000200005a6        0x1 Core/Src/rtc.o
                0x00000000200005a6                perevedeno
 .bss.sec       0x00000000200005a7        0x1 Core/Src/rtc.o
                0x00000000200005a7                sec
 .bss.min       0x00000000200005a8        0x1 Core/Src/rtc.o
                0x00000000200005a8                min
 .bss.hour      0x00000000200005a9        0x1 Core/Src/rtc.o
                0x00000000200005a9                hour
 .bss.day       0x00000000200005aa        0x1 Core/Src/rtc.o
                0x00000000200005aa                day
 .bss.date      0x00000000200005ab        0x1 Core/Src/rtc.o
                0x00000000200005ab                date
 .bss.mounth    0x00000000200005ac        0x1 Core/Src/rtc.o
                0x00000000200005ac                mounth
 .bss.year      0x00000000200005ad        0x1 Core/Src/rtc.o
                0x00000000200005ad                year
 .bss.temperat1
                0x00000000200005ae        0x1 Core/Src/rtc.o
                0x00000000200005ae                temperat1
 .bss.temperat_z
                0x00000000200005af        0x1 Core/Src/rtc.o
                0x00000000200005af                temperat_z
 .bss.size_string_day
                0x00000000200005b0        0x1 Core/Src/rtc.o
                0x00000000200005b0                size_string_day
 .bss.size_string_mounth
                0x00000000200005b1        0x1 Core/Src/rtc.o
                0x00000000200005b1                size_string_mounth
 *(COMMON)
 COMMON         0x00000000200005b2        0x5 Core/Src/PressKey.o
                0x00000000200005b2                last_state
                0x00000000200005b3                current_state
                0x00000000200005b4                Key_Nextt
                0x00000000200005b5                Key_Previous
                0x00000000200005b6                Key_Settings
 *fill*         0x00000000200005b7        0x1 
 COMMON         0x00000000200005b8      0x12c Core/Src/main.o
                0x00000000200005b8                hspi2
                0x0000000020000610                hi2c2
                0x0000000020000664                htim1
                0x00000000200006a4                htim2
 COMMON         0x00000000200006e4       0x26 Core/Src/rtc.o
                0x00000000200006e4                s_uint_to_char
                0x00000000200006e8                yearDs
                0x00000000200006f0                temperatureDs
                0x00000000200006f8                Buffer_RTC
 *fill*         0x000000002000070a        0x2 
 COMMON         0x000000002000070c        0x4 Drivers/STM32F1xx_HAL_Driver/Src/stm32f1xx_hal.o
                0x000000002000070c                uwTick
                0x0000000020000710                . = ALIGN (0x4)
                0x0000000020000710                _ebss = .
                0x0000000020000710                __bss_end__ = _ebss

._user_heap_stack
                0x0000000020000710      0x600 load address 0x0000000008007344
                0x0000000020000710                . = ALIGN (0x8)
                0x0000000020000710                PROVIDE (end = .)
                [!provide]                        PROVIDE (_end = .)
                0x0000000020000910                . = (. + _Min_Heap_Size)
 *fill*         0x0000000020000710      0x200 
                0x0000000020000d10                . = (. + _Min_Stack_Size)
 *fill*         0x0000000020000910      0x400 
                0x0000000020000d10                . = ALIGN (0x8)

/DISCARD/
 libc.a(*)
 libm.a(*)
 libgcc.a(*)

.ARM.attributes
                0x0000000000000000       0x29
 *(.ARM.attributes)
 .ARM.attributes
                0x0000000000000000       0x1d c:/st/stm32cubeide_1.1.0/stm32cubeide/plugins/com.st.stm32cube.ide.mcu.externaltools.gnu-tools-for-stm32.7-2018-q2-update.win32_1.0.0.201904181610/tools/bin/../lib/gcc/arm-none-eabi/7.3.1/thumb/v7-m/crti.o
 .ARM.attributes
                0x000000000000001d       0x2d c:/st/stm32cubeide_1.1.0/stm32cubeide/plugins/com.st.stm32cube.ide.mcu.externaltools.gnu-tools-for-stm32.7-2018-q2-update.win32_1.0.0.201904181610/tools/bin/../lib/gcc/arm-none-eabi/7.3.1/thumb/v7-m/crtbegin.o
 .ARM.attributes
                0x000000000000004a       0x33 Core/Src/PressKey.o
 .ARM.attributes
                0x000000000000007d       0x33 Core/Src/main.o
 .ARM.attributes
                0x00000000000000b0       0x33 Core/Src/matrix_tablo_tpic.o
 .ARM.attributes
                0x00000000000000e3       0x33 Core/Src/rtc.o
 .ARM.attributes
                0x0000000000000116       0x33 Core/Src/stm32f1xx_hal_msp.o
 .ARM.attributes
                0x0000000000000149       0x33 Core/Src/stm32f1xx_it.o
 .ARM.attributes
                0x000000000000017c       0x33 Core/Src/system_stm32f1xx.o
 .ARM.attributes
                0x00000000000001af       0x21 Core/Startup/startup_stm32f103c8tx.o
 .ARM.attributes
                0x00000000000001d0       0x33 Drivers/STM32F1xx_HAL_Driver/Src/stm32f1xx_hal.o
 .ARM.attributes
                0x0000000000000203       0x33 Drivers/STM32F1xx_HAL_Driver/Src/stm32f1xx_hal_cortex.o
 .ARM.attributes
                0x0000000000000236       0x33 Drivers/STM32F1xx_HAL_Driver/Src/stm32f1xx_hal_dma.o
 .ARM.attributes
                0x0000000000000269       0x33 Drivers/STM32F1xx_HAL_Driver/Src/stm32f1xx_hal_gpio.o
 .ARM.attributes
                0x000000000000029c       0x33 Drivers/STM32F1xx_HAL_Driver/Src/stm32f1xx_hal_i2c.o
 .ARM.attributes
                0x00000000000002cf       0x33 Drivers/STM32F1xx_HAL_Driver/Src/stm32f1xx_hal_rcc.o
 .ARM.attributes
                0x0000000000000302       0x33 Drivers/STM32F1xx_HAL_Driver/Src/stm32f1xx_hal_spi.o
 .ARM.attributes
                0x0000000000000335       0x33 Drivers/STM32F1xx_HAL_Driver/Src/stm32f1xx_hal_tim.o
 .ARM.attributes
                0x0000000000000368       0x33 Drivers/STM32F1xx_HAL_Driver/Src/stm32f1xx_hal_tim_ex.o
 .ARM.attributes
                0x000000000000039b       0x2d c:/st/stm32cubeide_1.1.0/stm32cubeide/plugins/com.st.stm32cube.ide.mcu.externaltools.gnu-tools-for-stm32.7-2018-q2-update.win32_1.0.0.201904181610/tools/bin/../lib/gcc/arm-none-eabi/7.3.1/../../../../arm-none-eabi/lib/thumb/v7-m\libc_nano.a(lib_a-init.o)
 .ARM.attributes
                0x00000000000003c8       0x2d c:/st/stm32cubeide_1.1.0/stm32cubeide/plugins/com.st.stm32cube.ide.mcu.externaltools.gnu-tools-for-stm32.7-2018-q2-update.win32_1.0.0.201904181610/tools/bin/../lib/gcc/arm-none-eabi/7.3.1/../../../../arm-none-eabi/lib/thumb/v7-m\libc_nano.a(lib_a-memcpy-stub.o)
 .ARM.attributes
                0x00000000000003f5       0x2d c:/st/stm32cubeide_1.1.0/stm32cubeide/plugins/com.st.stm32cube.ide.mcu.externaltools.gnu-tools-for-stm32.7-2018-q2-update.win32_1.0.0.201904181610/tools/bin/../lib/gcc/arm-none-eabi/7.3.1/../../../../arm-none-eabi/lib/thumb/v7-m\libc_nano.a(lib_a-memset.o)
 .ARM.attributes
                0x0000000000000422       0x1d c:/st/stm32cubeide_1.1.0/stm32cubeide/plugins/com.st.stm32cube.ide.mcu.externaltools.gnu-tools-for-stm32.7-2018-q2-update.win32_1.0.0.201904181610/tools/bin/../lib/gcc/arm-none-eabi/7.3.1/thumb/v7-m/crtn.o
OUTPUT(tablo_stm32.elf elf32-littlearm)

.debug_info     0x0000000000000000     0xe333
 .debug_info    0x0000000000000000      0x413 Core/Src/PressKey.o
 .debug_info    0x0000000000000413     0x12a7 Core/Src/main.o
 .debug_info    0x00000000000016ba      0xc4d Core/Src/matrix_tablo_tpic.o
 .debug_info    0x0000000000002307      0xafa Core/Src/rtc.o
 .debug_info    0x0000000000002e01     0x101f Core/Src/stm32f1xx_hal_msp.o
 .debug_info    0x0000000000003e20      0x964 Core/Src/stm32f1xx_it.o
 .debug_info    0x0000000000004784      0x433 Core/Src/system_stm32f1xx.o
 .debug_info    0x0000000000004bb7       0x22 Core/Startup/startup_stm32f103c8tx.o
 .debug_info    0x0000000000004bd9      0x6fe Drivers/STM32F1xx_HAL_Driver/Src/stm32f1xx_hal.o
 .debug_info    0x00000000000052d7      0xb46 Drivers/STM32F1xx_HAL_Driver/Src/stm32f1xx_hal_cortex.o
 .debug_info    0x0000000000005e1d      0x7a6 Drivers/STM32F1xx_HAL_Driver/Src/stm32f1xx_hal_dma.o
 .debug_info    0x00000000000065c3      0x681 Drivers/STM32F1xx_HAL_Driver/Src/stm32f1xx_hal_gpio.o
 .debug_info    0x0000000000006c44     0x2457 Drivers/STM32F1xx_HAL_Driver/Src/stm32f1xx_hal_i2c.o
 .debug_info    0x000000000000909b      0x804 Drivers/STM32F1xx_HAL_Driver/Src/stm32f1xx_hal_rcc.o
 .debug_info    0x000000000000989f     0x153a Drivers/STM32F1xx_HAL_Driver/Src/stm32f1xx_hal_spi.o
 .debug_info    0x000000000000add9     0x2456 Drivers/STM32F1xx_HAL_Driver/Src/stm32f1xx_hal_tim.o
 .debug_info    0x000000000000d22f     0x1104 Drivers/STM32F1xx_HAL_Driver/Src/stm32f1xx_hal_tim_ex.o

.debug_abbrev   0x0000000000000000     0x2128
 .debug_abbrev  0x0000000000000000      0x17f Core/Src/PressKey.o
 .debug_abbrev  0x000000000000017f      0x28d Core/Src/main.o
 .debug_abbrev  0x000000000000040c      0x279 Core/Src/matrix_tablo_tpic.o
 .debug_abbrev  0x0000000000000685      0x291 Core/Src/rtc.o
 .debug_abbrev  0x0000000000000916      0x1de Core/Src/stm32f1xx_hal_msp.o
 .debug_abbrev  0x0000000000000af4      0x15a Core/Src/stm32f1xx_it.o
 .debug_abbrev  0x0000000000000c4e      0x134 Core/Src/system_stm32f1xx.o
 .debug_abbrev  0x0000000000000d82       0x12 Core/Startup/startup_stm32f103c8tx.o
 .debug_abbrev  0x0000000000000d94      0x1d8 Drivers/STM32F1xx_HAL_Driver/Src/stm32f1xx_hal.o
 .debug_abbrev  0x0000000000000f6c      0x2d5 Drivers/STM32F1xx_HAL_Driver/Src/stm32f1xx_hal_cortex.o
 .debug_abbrev  0x0000000000001241      0x1fe Drivers/STM32F1xx_HAL_Driver/Src/stm32f1xx_hal_dma.o
 .debug_abbrev  0x000000000000143f      0x1c0 Drivers/STM32F1xx_HAL_Driver/Src/stm32f1xx_hal_gpio.o
 .debug_abbrev  0x00000000000015ff      0x258 Drivers/STM32F1xx_HAL_Driver/Src/stm32f1xx_hal_i2c.o
 .debug_abbrev  0x0000000000001857      0x243 Drivers/STM32F1xx_HAL_Driver/Src/stm32f1xx_hal_rcc.o
 .debug_abbrev  0x0000000000001a9a      0x240 Drivers/STM32F1xx_HAL_Driver/Src/stm32f1xx_hal_spi.o
 .debug_abbrev  0x0000000000001cda      0x230 Drivers/STM32F1xx_HAL_Driver/Src/stm32f1xx_hal_tim.o
 .debug_abbrev  0x0000000000001f0a      0x21e Drivers/STM32F1xx_HAL_Driver/Src/stm32f1xx_hal_tim_ex.o

.debug_aranges  0x0000000000000000     0x1008
 .debug_aranges
                0x0000000000000000       0x60 Core/Src/PressKey.o
 .debug_aranges
                0x0000000000000060       0x90 Core/Src/main.o
 .debug_aranges
                0x00000000000000f0       0x88 Core/Src/matrix_tablo_tpic.o
 .debug_aranges
                0x0000000000000178       0xd0 Core/Src/rtc.o
 .debug_aranges
                0x0000000000000248       0x58 Core/Src/stm32f1xx_hal_msp.o
 .debug_aranges
                0x00000000000002a0       0x78 Core/Src/stm32f1xx_it.o
 .debug_aranges
                0x0000000000000318       0x28 Core/Src/system_stm32f1xx.o
 .debug_aranges
                0x0000000000000340       0x28 Core/Startup/startup_stm32f103c8tx.o
 .debug_aranges
                0x0000000000000368       0xe0 Drivers/STM32F1xx_HAL_Driver/Src/stm32f1xx_hal.o
 .debug_aranges
                0x0000000000000448      0x100 Drivers/STM32F1xx_HAL_Driver/Src/stm32f1xx_hal_cortex.o
 .debug_aranges
                0x0000000000000548       0x80 Drivers/STM32F1xx_HAL_Driver/Src/stm32f1xx_hal_dma.o
 .debug_aranges
                0x00000000000005c8       0x58 Drivers/STM32F1xx_HAL_Driver/Src/stm32f1xx_hal_gpio.o
 .debug_aranges
                0x0000000000000620      0x290 Drivers/STM32F1xx_HAL_Driver/Src/stm32f1xx_hal_i2c.o
 .debug_aranges
                0x00000000000008b0       0x90 Drivers/STM32F1xx_HAL_Driver/Src/stm32f1xx_hal_rcc.o
 .debug_aranges
                0x0000000000000940      0x1d0 Drivers/STM32F1xx_HAL_Driver/Src/stm32f1xx_hal_spi.o
 .debug_aranges
                0x0000000000000b10      0x3a8 Drivers/STM32F1xx_HAL_Driver/Src/stm32f1xx_hal_tim.o
 .debug_aranges
                0x0000000000000eb8      0x150 Drivers/STM32F1xx_HAL_Driver/Src/stm32f1xx_hal_tim_ex.o

.debug_ranges   0x0000000000000000      0xf20
 .debug_ranges  0x0000000000000000       0x50 Core/Src/PressKey.o
 .debug_ranges  0x0000000000000050       0x80 Core/Src/main.o
 .debug_ranges  0x00000000000000d0       0x78 Core/Src/matrix_tablo_tpic.o
 .debug_ranges  0x0000000000000148       0xc0 Core/Src/rtc.o
 .debug_ranges  0x0000000000000208       0x48 Core/Src/stm32f1xx_hal_msp.o
 .debug_ranges  0x0000000000000250       0x68 Core/Src/stm32f1xx_it.o
 .debug_ranges  0x00000000000002b8       0x18 Core/Src/system_stm32f1xx.o
 .debug_ranges  0x00000000000002d0       0x20 Core/Startup/startup_stm32f103c8tx.o
 .debug_ranges  0x00000000000002f0       0xd0 Drivers/STM32F1xx_HAL_Driver/Src/stm32f1xx_hal.o
 .debug_ranges  0x00000000000003c0       0xf0 Drivers/STM32F1xx_HAL_Driver/Src/stm32f1xx_hal_cortex.o
 .debug_ranges  0x00000000000004b0       0x70 Drivers/STM32F1xx_HAL_Driver/Src/stm32f1xx_hal_dma.o
 .debug_ranges  0x0000000000000520       0x48 Drivers/STM32F1xx_HAL_Driver/Src/stm32f1xx_hal_gpio.o
 .debug_ranges  0x0000000000000568      0x2a0 Drivers/STM32F1xx_HAL_Driver/Src/stm32f1xx_hal_i2c.o
 .debug_ranges  0x0000000000000808       0x80 Drivers/STM32F1xx_HAL_Driver/Src/stm32f1xx_hal_rcc.o
 .debug_ranges  0x0000000000000888      0x1c0 Drivers/STM32F1xx_HAL_Driver/Src/stm32f1xx_hal_spi.o
 .debug_ranges  0x0000000000000a48      0x398 Drivers/STM32F1xx_HAL_Driver/Src/stm32f1xx_hal_tim.o
 .debug_ranges  0x0000000000000de0      0x140 Drivers/STM32F1xx_HAL_Driver/Src/stm32f1xx_hal_tim_ex.o

.debug_macro    0x0000000000000000     0x1c8a
 .debug_macro   0x0000000000000000      0x1de Core/Src/PressKey.o
 .debug_macro   0x00000000000001de      0x1da Core/Src/main.o
 .debug_macro   0x00000000000003b8      0x1de Core/Src/matrix_tablo_tpic.o
 .debug_macro   0x0000000000000596      0x1de Core/Src/rtc.o
 .debug_macro   0x0000000000000774      0x1da Core/Src/stm32f1xx_hal_msp.o
 .debug_macro   0x000000000000094e      0x1e4 Core/Src/stm32f1xx_it.o
 .debug_macro   0x0000000000000b32      0x1aa Core/Src/system_stm32f1xx.o
 .debug_macro   0x0000000000000cdc      0x1c8 Drivers/STM32F1xx_HAL_Driver/Src/stm32f1xx_hal.o
 .debug_macro   0x0000000000000ea4      0x1a4 Drivers/STM32F1xx_HAL_Driver/Src/stm32f1xx_hal_cortex.o
 .debug_macro   0x0000000000001048      0x1a4 Drivers/STM32F1xx_HAL_Driver/Src/stm32f1xx_hal_dma.o
 .debug_macro   0x00000000000011ec      0x20f Drivers/STM32F1xx_HAL_Driver/Src/stm32f1xx_hal_gpio.o
 .debug_macro   0x00000000000013fb      0x1e4 Drivers/STM32F1xx_HAL_Driver/Src/stm32f1xx_hal_i2c.o
 .debug_macro   0x00000000000015df      0x1b6 Drivers/STM32F1xx_HAL_Driver/Src/stm32f1xx_hal_rcc.o
 .debug_macro   0x0000000000001795      0x1ac Drivers/STM32F1xx_HAL_Driver/Src/stm32f1xx_hal_spi.o
 .debug_macro   0x0000000000001941      0x1a5 Drivers/STM32F1xx_HAL_Driver/Src/stm32f1xx_hal_tim.o
 .debug_macro   0x0000000000001ae6      0x1a4 Drivers/STM32F1xx_HAL_Driver/Src/stm32f1xx_hal_tim_ex.o

.debug_line     0x0000000000000000     0xb3d1
 .debug_line    0x0000000000000000      0x84e Core/Src/PressKey.o
 .debug_line    0x000000000000084e      0x87f Core/Src/main.o
 .debug_line    0x00000000000010cd      0x924 Core/Src/matrix_tablo_tpic.o
 .debug_line    0x00000000000019f1      0x9a4 Core/Src/rtc.o
 .debug_line    0x0000000000002395      0x72e Core/Src/stm32f1xx_hal_msp.o
 .debug_line    0x0000000000002ac3      0x754 Core/Src/stm32f1xx_it.o
 .debug_line    0x0000000000003217      0x67d Core/Src/system_stm32f1xx.o
 .debug_line    0x0000000000003894       0x84 Core/Startup/startup_stm32f103c8tx.o
 .debug_line    0x0000000000003918      0x825 Drivers/STM32F1xx_HAL_Driver/Src/stm32f1xx_hal.o
 .debug_line    0x000000000000413d      0x8fe Drivers/STM32F1xx_HAL_Driver/Src/stm32f1xx_hal_cortex.o
 .debug_line    0x0000000000004a3b      0xa8c Drivers/STM32F1xx_HAL_Driver/Src/stm32f1xx_hal_dma.o
 .debug_line    0x00000000000054c7      0x825 Drivers/STM32F1xx_HAL_Driver/Src/stm32f1xx_hal_gpio.o
 .debug_line    0x0000000000005cec     0x1ae8 Drivers/STM32F1xx_HAL_Driver/Src/stm32f1xx_hal_i2c.o
 .debug_line    0x00000000000077d4      0x8e7 Drivers/STM32F1xx_HAL_Driver/Src/stm32f1xx_hal_rcc.o
 .debug_line    0x00000000000080bb      0xff3 Drivers/STM32F1xx_HAL_Driver/Src/stm32f1xx_hal_spi.o
 .debug_line    0x00000000000090ae     0x16eb Drivers/STM32F1xx_HAL_Driver/Src/stm32f1xx_hal_tim.o
 .debug_line    0x000000000000a799      0xc38 Drivers/STM32F1xx_HAL_Driver/Src/stm32f1xx_hal_tim_ex.o

.debug_str      0x0000000000000000    0x7031a
 .debug_str     0x0000000000000000    0x6bcf6 Core/Src/PressKey.o
                                      0x6bfac (size before relaxing)
 .debug_str     0x000000000006bcf6      0xc4e Core/Src/main.o
                                      0x6cb31 (size before relaxing)
 .debug_str     0x000000000006c944      0x23b Core/Src/matrix_tablo_tpic.o
                                      0x6c406 (size before relaxing)
 .debug_str     0x000000000006cb7f      0x203 Core/Src/rtc.o
                                      0x6c49a (size before relaxing)
 .debug_str     0x000000000006cd82      0x35b Core/Src/stm32f1xx_hal_msp.o
                                      0x6ca32 (size before relaxing)
 .debug_str     0x000000000006d0dd       0xf3 Core/Src/stm32f1xx_it.o
                                      0x6c514 (size before relaxing)
 .debug_str     0x000000000006d1d0       0xc2 Core/Src/system_stm32f1xx.o
                                      0x6bb61 (size before relaxing)
 .debug_str     0x000000000006d292       0x36 Core/Startup/startup_stm32f103c8tx.o
                                         0x81 (size before relaxing)
 .debug_str     0x000000000006d2c8      0x3c5 Drivers/STM32F1xx_HAL_Driver/Src/stm32f1xx_hal.o
                                      0x6c172 (size before relaxing)
 .debug_str     0x000000000006d68d      0x2c8 Drivers/STM32F1xx_HAL_Driver/Src/stm32f1xx_hal_cortex.o
                                      0x6c180 (size before relaxing)
 .debug_str     0x000000000006d955      0x23a Drivers/STM32F1xx_HAL_Driver/Src/stm32f1xx_hal_dma.o
                                      0x6bec2 (size before relaxing)
 .debug_str     0x000000000006db8f      0x31f Drivers/STM32F1xx_HAL_Driver/Src/stm32f1xx_hal_gpio.o
                                      0x6beab (size before relaxing)
 .debug_str     0x000000000006deae      0xb6d Drivers/STM32F1xx_HAL_Driver/Src/stm32f1xx_hal_i2c.o
                                      0x6cad7 (size before relaxing)
 .debug_str     0x000000000006ea1b      0x258 Drivers/STM32F1xx_HAL_Driver/Src/stm32f1xx_hal_rcc.o
                                      0x6bee4 (size before relaxing)
 .debug_str     0x000000000006ec73      0x514 Drivers/STM32F1xx_HAL_Driver/Src/stm32f1xx_hal_spi.o
                                      0x6c3d2 (size before relaxing)
 .debug_str     0x000000000006f187      0xcf8 Drivers/STM32F1xx_HAL_Driver/Src/stm32f1xx_hal_tim.o
                                      0x6ccaf (size before relaxing)
 .debug_str     0x000000000006fe7f      0x49b Drivers/STM32F1xx_HAL_Driver/Src/stm32f1xx_hal_tim_ex.o
                                      0x6c4af (size before relaxing)

.comment        0x0000000000000000       0x7b
 .comment       0x0000000000000000       0x7b Core/Src/PressKey.o
                                         0x7c (size before relaxing)
 .comment       0x000000000000007b       0x7c Core/Src/main.o
 .comment       0x000000000000007b       0x7c Core/Src/matrix_tablo_tpic.o
 .comment       0x000000000000007b       0x7c Core/Src/rtc.o
 .comment       0x000000000000007b       0x7c Core/Src/stm32f1xx_hal_msp.o
 .comment       0x000000000000007b       0x7c Core/Src/stm32f1xx_it.o
 .comment       0x000000000000007b       0x7c Core/Src/system_stm32f1xx.o
 .comment       0x000000000000007b       0x7c Drivers/STM32F1xx_HAL_Driver/Src/stm32f1xx_hal.o
 .comment       0x000000000000007b       0x7c Drivers/STM32F1xx_HAL_Driver/Src/stm32f1xx_hal_cortex.o
 .comment       0x000000000000007b       0x7c Drivers/STM32F1xx_HAL_Driver/Src/stm32f1xx_hal_dma.o
 .comment       0x000000000000007b       0x7c Drivers/STM32F1xx_HAL_Driver/Src/stm32f1xx_hal_gpio.o
 .comment       0x000000000000007b       0x7c Drivers/STM32F1xx_HAL_Driver/Src/stm32f1xx_hal_i2c.o
 .comment       0x000000000000007b       0x7c Drivers/STM32F1xx_HAL_Driver/Src/stm32f1xx_hal_rcc.o
 .comment       0x000000000000007b       0x7c Drivers/STM32F1xx_HAL_Driver/Src/stm32f1xx_hal_spi.o
 .comment       0x000000000000007b       0x7c Drivers/STM32F1xx_HAL_Driver/Src/stm32f1xx_hal_tim.o
 .comment       0x000000000000007b       0x7c Drivers/STM32F1xx_HAL_Driver/Src/stm32f1xx_hal_tim_ex.o

.debug_frame    0x0000000000000000     0x43ac
 .debug_frame   0x0000000000000000      0x128 Core/Src/PressKey.o
 .debug_frame   0x0000000000000128      0x1fc Core/Src/main.o
 .debug_frame   0x0000000000000324      0x228 Core/Src/matrix_tablo_tpic.o
 .debug_frame   0x000000000000054c      0x360 Core/Src/rtc.o
 .debug_frame   0x00000000000008ac      0x134 Core/Src/stm32f1xx_hal_msp.o
 .debug_frame   0x00000000000009e0      0x160 Core/Src/stm32f1xx_it.o
 .debug_frame   0x0000000000000b40       0x58 Core/Src/system_stm32f1xx.o
 .debug_frame   0x0000000000000b98      0x334 Drivers/STM32F1xx_HAL_Driver/Src/stm32f1xx_hal.o
 .debug_frame   0x0000000000000ecc      0x428 Drivers/STM32F1xx_HAL_Driver/Src/stm32f1xx_hal_cortex.o
 .debug_frame   0x00000000000012f4      0x208 Drivers/STM32F1xx_HAL_Driver/Src/stm32f1xx_hal_dma.o
 .debug_frame   0x00000000000014fc      0x14c Drivers/STM32F1xx_HAL_Driver/Src/stm32f1xx_hal_gpio.o
 .debug_frame   0x0000000000001648      0xc08 Drivers/STM32F1xx_HAL_Driver/Src/stm32f1xx_hal_i2c.o
 .debug_frame   0x0000000000002250      0x21c Drivers/STM32F1xx_HAL_Driver/Src/stm32f1xx_hal_rcc.o
 .debug_frame   0x000000000000246c      0x824 Drivers/STM32F1xx_HAL_Driver/Src/stm32f1xx_hal_spi.o
 .debug_frame   0x0000000000002c90     0x10e8 Drivers/STM32F1xx_HAL_Driver/Src/stm32f1xx_hal_tim.o
 .debug_frame   0x0000000000003d78      0x5c0 Drivers/STM32F1xx_HAL_Driver/Src/stm32f1xx_hal_tim_ex.o
 .debug_frame   0x0000000000004338       0x2c c:/st/stm32cubeide_1.1.0/stm32cubeide/plugins/com.st.stm32cube.ide.mcu.externaltools.gnu-tools-for-stm32.7-2018-q2-update.win32_1.0.0.201904181610/tools/bin/../lib/gcc/arm-none-eabi/7.3.1/../../../../arm-none-eabi/lib/thumb/v7-m\libc_nano.a(lib_a-init.o)
 .debug_frame   0x0000000000004364       0x28 c:/st/stm32cubeide_1.1.0/stm32cubeide/plugins/com.st.stm32cube.ide.mcu.externaltools.gnu-tools-for-stm32.7-2018-q2-update.win32_1.0.0.201904181610/tools/bin/../lib/gcc/arm-none-eabi/7.3.1/../../../../arm-none-eabi/lib/thumb/v7-m\libc_nano.a(lib_a-memcpy-stub.o)
 .debug_frame   0x000000000000438c       0x20 c:/st/stm32cubeide_1.1.0/stm32cubeide/plugins/com.st.stm32cube.ide.mcu.externaltools.gnu-tools-for-stm32.7-2018-q2-update.win32_1.0.0.201904181610/tools/bin/../lib/gcc/arm-none-eabi/7.3.1/../../../../arm-none-eabi/lib/thumb/v7-m\libc_nano.a(lib_a-memset.o)
