rtc.c:24:6:I2C_WriteBuffer	32	static
rtc.c:30:6:I2C_ReadBuffer	32	static
rtc.c:36:9:RTC_ConvertFromDec	0	static
rtc.c:42:9:RTC_ConvertFromBinDec	0	static
rtc.c:48:6:temperatureDs3231	20	static
rtc.c:60:6:convertUintToChar	8	static
rtc.c:67:6:setTime	216	static
rtc.c:82:6:getRTC	200	static
rtc.c:99:7:getTimeS	8	static
rtc.c:106:7:getTimeMi	8	static
rtc.c:113:7:getTimeH	8	static
rtc.c:120:7:getTimeDW	8	static
rtc.c:127:7:getTimeDayW	0	static
rtc.c:165:7:getTimeDM	8	static
rtc.c:172:7:getTimeMo	8	static
rtc.c:179:7:getTimeMounth	0	static
rtc.c:237:7:getTimeYe	8	static
rtc.c:244:6:getTimeY	12	static
rtc.c:253:9:getSizeStringDay	0	static
rtc.c:258:9:getSizeStringMounth	0	static
rtc.c:264:6:automaticTimeTranslation	8	static
rtc.c:287:6:translationMounthMarch	8	static
rtc.c:299:6:translationMounthOctober	8	static
