matrix_tablo_tpic.c:76:6:initTablo	8	static
matrix_tablo_tpic.c:83:6:showTablo	24	static
matrix_tablo_tpic.c:127:6:setDiget	24	static
matrix_tablo_tpic.c:136:6:showString	32	static
matrix_tablo_tpic.c:306:9:sortTPIC	24	static
matrix_tablo_tpic.c:313:6:offTablo	16	static
matrix_tablo_tpic.c:320:6:onTablo	16	static
matrix_tablo_tpic.c:327:6:degree_output	24	static
matrix_tablo_tpic.c:334:6:setTicker	16	static
matrix_tablo_tpic.c:341:6:showTicker	32	static
matrix_tablo_tpic.c:392:9:totalNumberShifts	24	static
matrix_tablo_tpic.c:408:9:shift_byte	24	static
matrix_tablo_tpic.c:418:6:resetTicker	8	static
matrix_tablo_tpic.c:435:6:offTicker	16	static
