rtc.c:24:6:I2C_WriteBuffer	16	static
rtc.c:30:6:I2C_ReadBuffer	16	static
rtc.c:36:9:RTC_ConvertFromDec	24	static
rtc.c:42:9:RTC_ConvertFromBinDec	24	static
rtc.c:48:6:temperatureDs3231	4	static
rtc.c:60:6:convertUintToChar	16	static
rtc.c:67:6:setTime	96	static
rtc.c:82:6:getRTC	96	static
rtc.c:99:7:getTimeS	16	static
rtc.c:106:7:getTimeMi	16	static
rtc.c:113:7:getTimeH	16	static
rtc.c:120:7:getTimeDW	16	static
rtc.c:127:7:getTimeDayW	16	static
rtc.c:165:7:getTimeDM	16	static
rtc.c:172:7:getTimeMo	16	static
rtc.c:179:7:getTimeMounth	16	static
rtc.c:237:7:getTimeYe	16	static
rtc.c:244:6:getTimeY	4	static
rtc.c:253:9:getSizeStringDay	4	static
rtc.c:258:9:getSizeStringMounth	4	static
rtc.c:264:6:automaticTimeTranslation	8	static
rtc.c:287:6:translationMounthMarch	16	static
rtc.c:299:6:translationMounthOctober	16	static
