Archive member included to satisfy reference by file (symbol)

c:/st/stm32cubeide_1.1.0/stm32cubeide/plugins/com.st.stm32cube.ide.mcu.externaltools.gnu-tools-for-stm32.7-2018-q2-update.win32_1.0.0.201904181610/tools/bin/../lib/gcc/arm-none-eabi/7.3.1/../../../../arm-none-eabi/lib/thumb/v7-m\libc_nano.a(lib_a-errno.o)
                              Core/Src/syscalls.o (__errno)
c:/st/stm32cubeide_1.1.0/stm32cubeide/plugins/com.st.stm32cube.ide.mcu.externaltools.gnu-tools-for-stm32.7-2018-q2-update.win32_1.0.0.201904181610/tools/bin/../lib/gcc/arm-none-eabi/7.3.1/../../../../arm-none-eabi/lib/thumb/v7-m\libc_nano.a(lib_a-exit.o)
                              c:/st/stm32cubeide_1.1.0/stm32cubeide/plugins/com.st.stm32cube.ide.mcu.externaltools.gnu-tools-for-stm32.7-2018-q2-update.win32_1.0.0.201904181610/tools/bin/../lib/gcc/arm-none-eabi/7.3.1/../../../../arm-none-eabi/lib/thumb/v7-m/crt0.o (exit)
c:/st/stm32cubeide_1.1.0/stm32cubeide/plugins/com.st.stm32cube.ide.mcu.externaltools.gnu-tools-for-stm32.7-2018-q2-update.win32_1.0.0.201904181610/tools/bin/../lib/gcc/arm-none-eabi/7.3.1/../../../../arm-none-eabi/lib/thumb/v7-m\libc_nano.a(lib_a-impure.o)
                              c:/st/stm32cubeide_1.1.0/stm32cubeide/plugins/com.st.stm32cube.ide.mcu.externaltools.gnu-tools-for-stm32.7-2018-q2-update.win32_1.0.0.201904181610/tools/bin/../lib/gcc/arm-none-eabi/7.3.1/../../../../arm-none-eabi/lib/thumb/v7-m\libc_nano.a(lib_a-exit.o) (_global_impure_ptr)
c:/st/stm32cubeide_1.1.0/stm32cubeide/plugins/com.st.stm32cube.ide.mcu.externaltools.gnu-tools-for-stm32.7-2018-q2-update.win32_1.0.0.201904181610/tools/bin/../lib/gcc/arm-none-eabi/7.3.1/../../../../arm-none-eabi/lib/thumb/v7-m\libc_nano.a(lib_a-init.o)
                              c:/st/stm32cubeide_1.1.0/stm32cubeide/plugins/com.st.stm32cube.ide.mcu.externaltools.gnu-tools-for-stm32.7-2018-q2-update.win32_1.0.0.201904181610/tools/bin/../lib/gcc/arm-none-eabi/7.3.1/../../../../arm-none-eabi/lib/thumb/v7-m/crt0.o (__libc_init_array)
c:/st/stm32cubeide_1.1.0/stm32cubeide/plugins/com.st.stm32cube.ide.mcu.externaltools.gnu-tools-for-stm32.7-2018-q2-update.win32_1.0.0.201904181610/tools/bin/../lib/gcc/arm-none-eabi/7.3.1/../../../../arm-none-eabi/lib/thumb/v7-m\libc_nano.a(lib_a-memcpy-stub.o)
                              Core/Src/rtc.o (memcpy)
c:/st/stm32cubeide_1.1.0/stm32cubeide/plugins/com.st.stm32cube.ide.mcu.externaltools.gnu-tools-for-stm32.7-2018-q2-update.win32_1.0.0.201904181610/tools/bin/../lib/gcc/arm-none-eabi/7.3.1/../../../../arm-none-eabi/lib/thumb/v7-m\libc_nano.a(lib_a-memset.o)
                              c:/st/stm32cubeide_1.1.0/stm32cubeide/plugins/com.st.stm32cube.ide.mcu.externaltools.gnu-tools-for-stm32.7-2018-q2-update.win32_1.0.0.201904181610/tools/bin/../lib/gcc/arm-none-eabi/7.3.1/../../../../arm-none-eabi/lib/thumb/v7-m/crt0.o (memset)

Allocating common symbols
Common symbol       size              file

last_state          0x1               Core/Src/PressKey.o
hspi2               0x58              Core/Src/main.o
s_uint_to_char      0x3               Core/Src/rtc.o
current_state       0x1               Core/Src/PressKey.o
hi2c2               0x54              Core/Src/main.o
yearDs              0x5               Core/Src/rtc.o
uwTick              0x4               Drivers/STM32F1xx_HAL_Driver/Src/stm32f1xx_hal.o
temperatureDs       0x7               Core/Src/rtc.o
pFlash              0x20              Drivers/STM32F1xx_HAL_Driver/Src/stm32f1xx_hal_flash.o
Key_Nextt           0x1               Core/Src/PressKey.o
htim1               0x40              Core/Src/main.o
Key_Previous        0x1               Core/Src/PressKey.o
Key_Settings        0x1               Core/Src/PressKey.o
htim2               0x40              Core/Src/main.o
Buffer_RTC          0x12              Core/Src/rtc.o

Discarded input sections

 .text          0x0000000000000000        0x0 c:/st/stm32cubeide_1.1.0/stm32cubeide/plugins/com.st.stm32cube.ide.mcu.externaltools.gnu-tools-for-stm32.7-2018-q2-update.win32_1.0.0.201904181610/tools/bin/../lib/gcc/arm-none-eabi/7.3.1/thumb/v7-m/crti.o
 .data          0x0000000000000000        0x0 c:/st/stm32cubeide_1.1.0/stm32cubeide/plugins/com.st.stm32cube.ide.mcu.externaltools.gnu-tools-for-stm32.7-2018-q2-update.win32_1.0.0.201904181610/tools/bin/../lib/gcc/arm-none-eabi/7.3.1/thumb/v7-m/crti.o
 .bss           0x0000000000000000        0x0 c:/st/stm32cubeide_1.1.0/stm32cubeide/plugins/com.st.stm32cube.ide.mcu.externaltools.gnu-tools-for-stm32.7-2018-q2-update.win32_1.0.0.201904181610/tools/bin/../lib/gcc/arm-none-eabi/7.3.1/thumb/v7-m/crti.o
 .data          0x0000000000000000        0x4 c:/st/stm32cubeide_1.1.0/stm32cubeide/plugins/com.st.stm32cube.ide.mcu.externaltools.gnu-tools-for-stm32.7-2018-q2-update.win32_1.0.0.201904181610/tools/bin/../lib/gcc/arm-none-eabi/7.3.1/thumb/v7-m/crtbegin.o
[...]
Memory Configuration

Name             Origin             Length             Attributes
RAM              0x0000000020000000 0x0000000000005000 xrw
FLASH            0x0000000008000000 0x0000000000010000 xr
*default*        0x0000000000000000 0xffffffffffffffff

Linker script and memory map

LOAD c:/st/stm32cubeide_1.1.0/stm32cubeide/plugins/com.st.stm32cube.ide.mcu.externaltools.gnu-tools-for-stm32.7-2018-q2-update.win32_1.0.0.201904181610/tools/bin/../lib/gcc/arm-none-eabi/7.3.1/thumb/v7-m/crti.o
LOAD c:/st/stm32cubeide_1.1.0/stm32cubeide/plugins/com.st.stm32cube.ide.mcu.externaltools.gnu-tools-for-stm32.7-2018-q2-update.win32_1.0.0.201904181610/tools/bin/../lib/gcc/arm-none-eabi/7.3.1/thumb/v7-m/crtbegin.o
LOAD c:/st/stm32cubeide_1.1.0/stm32cubeide/plugins/com.st.stm32cube.ide.mcu.externaltools.gnu-tools-for-stm32.7-2018-q2-update.win32_1.0.0.201904181610/tools/bin/../lib/gcc/arm-none-eabi/7.3.1/../../../../arm-none-eabi/lib/thumb/v7-m/crt0.o
LOAD Core/Src/Eeprom.o
LOAD Core/Src/PressKey.o
LOAD Core/Src/main.o
LOAD Core/Src/matrix_tablo_tpic.o
LOAD Core/Src/rtc.o
LOAD Core/Src/stm32f1xx_hal_msp.o
LOAD Core/Src/stm32f1xx_it.o
LOAD Core/Src/syscalls.o
LOAD Core/Src/sysmem.o
LOAD Core/Src/system_stm32f1xx.o
LOAD Core/Startup/startup_stm32f103c8tx.o
LOAD Drivers/STM32F1xx_HAL_Driver/Src/stm32f1xx_hal.o
LOAD Drivers/STM32F1xx_HAL_Driver/Src/stm32f1xx_hal_cortex.o
LOAD Drivers/STM32F1xx_HAL_Driver/Src/stm32f1xx_hal_dma.o
LOAD Drivers/STM32F1xx_HAL_Driver/Src/stm32f1xx_hal_exti.o
LOAD Drivers/STM32F1xx_HAL_Driver/Src/stm32f1xx_hal_flash.o
LOAD Drivers/STM32F1xx_HAL_Driver/Src/stm32f1xx_hal_flash_ex.o
LOAD Drivers/STM32F1xx_HAL_Driver/Src/stm32f1xx_hal_gpio.o
LOAD Drivers/STM32F1xx_HAL_Driver/Src/stm32f1xx_hal_gpio_ex.o
LOAD Drivers/STM32F1xx_HAL_Driver/Src/stm32f1xx_hal_i2c.o
LOAD Drivers/STM32F1xx_HAL_Driver/Src/stm32f1xx_hal_pwr.o
LOAD Drivers/STM32F1xx_HAL_Driver/Src/stm32f1xx_hal_rcc.o
LOAD Drivers/STM32F1xx_HAL_Driver/Src/stm32f1xx_hal_rcc_ex.o
LOAD Drivers/STM32F1xx_HAL_Driver/Src/stm32f1xx_hal_spi.o
LOAD Drivers/STM32F1xx_HAL_Driver/Src/stm32f1xx_hal_tim.o
LOAD Drivers/STM32F1xx_HAL_Driver/Src/stm32f1xx_hal_tim_ex.o
START GROUP
LOAD c:/st/stm32cubeide_1.1.0/stm32cubeide/plugins/com.st.stm32cube.ide.mcu.externaltools.gnu-tools-for-stm32.7-2018-q2-update.win32_1.0.0.201904181610/tools/bin/../lib/gcc/arm-none-eabi/7.3.1/../../../../arm-none-eabi/lib/thumb/v7-m\libc_nano.a
LOAD c:/st/stm32cubeide_1.1.0/stm32cubeide/plugins/com.st.stm32cube.ide.mcu.externaltools.gnu-tools-for-stm32.7-2018-q2-update.win32_1.0.0.201904181610/tools/bin/../lib/gcc/arm-none-eabi/7.3.1/../../../../arm-none-eabi/lib/thumb/v7-m\libm.a
END GROUP
START GROUP
LOAD c:/st/stm32cubeide_1.1.0/stm32cubeide/plugins/com.st.stm32cube.ide.mcu.externaltools.gnu-tools-for-stm32.7-2018-q2-update.win32_1.0.0.201904181610/tools/bin/../lib/gcc/arm-none-eabi/7.3.1/thumb/v7-m\libgcc.a
LOAD c:/st/stm32cubeide_1.1.0/stm32cubeide/plugins/com.st.stm32cube.ide.mcu.externaltools.gnu-tools-for-stm32.7-2018-q2-update.win32_1.0.0.201904181610/tools/bin/../lib/gcc/arm-none-eabi/7.3.1/../../../../arm-none-eabi/lib/thumb/v7-m\libc_nano.a
END GROUP
START GROUP
LOAD c:/st/stm32cubeide_1.1.0/stm32cubeide/plugins/com.st.stm32cube.ide.mcu.externaltools.gnu-tools-for-stm32.7-2018-q2-update.win32_1.0.0.201904181610/tools/bin/../lib/gcc/arm-none-eabi/7.3.1/thumb/v7-m\libgcc.a
LOAD c:/st/stm32cubeide_1.1.0/stm32cubeide/plugins/com.st.stm32cube.ide.mcu.externaltools.gnu-tools-for-stm32.7-2018-q2-update.win32_1.0.0.201904181610/tools/bin/../lib/gcc/arm-none-eabi/7.3.1/../../../../arm-none-eabi/lib/thumb/v7-m\libc_nano.a
LOAD c:/st/stm32cubeide_1.1.0/stm32cubeide/plugins/com.st.stm32cube.ide.mcu.externaltools.gnu-tools-for-stm32.7-2018-q2-update.win32_1.0.0.201904181610/tools/bin/../lib/gcc/arm-none-eabi/7.3.1/../../../../arm-none-eabi/lib/thumb/v7-m\libnosys.a
END GROUP
START GROUP
LOAD c:/st/stm32cubeide_1.1.0/stm32cubeide/plugins/com.st.stm32cube.ide.mcu.externaltools.gnu-tools-for-stm32.7-2018-q2-update.win32_1.0.0.201904181610/tools/bin/../lib/gcc/arm-none-eabi/7.3.1/thumb/v7-m\libgcc.a
LOAD c:/st/stm32cubeide_1.1.0/stm32cubeide/plugins/com.st.stm32cube.ide.mcu.externaltools.gnu-tools-for-stm32.7-2018-q2-update.win32_1.0.0.201904181610/tools/bin/../lib/gcc/arm-none-eabi/7.3.1/../../../../arm-none-eabi/lib/thumb/v7-m\libc_nano.a
LOAD c:/st/stm32cubeide_1.1.0/stm32cubeide/plugins/com.st.stm32cube.ide.mcu.externaltools.gnu-tools-for-stm32.7-2018-q2-update.win32_1.0.0.201904181610/tools/bin/../lib/gcc/arm-none-eabi/7.3.1/../../../../arm-none-eabi/lib/thumb/v7-m\libnosys.a
END GROUP
LOAD c:/st/stm32cubeide_1.1.0/stm32cubeide/plugins/com.st.stm32cube.ide.mcu.externaltools.gnu-tools-for-stm32.7-2018-q2-update.win32_1.0.0.201904181610/tools/bin/../lib/gcc/arm-none-eabi/7.3.1/thumb/v7-m/crtend.o
LOAD c:/st/stm32cubeide_1.1.0/stm32cubeide/plugins/com.st.stm32cube.ide.mcu.externaltools.gnu-tools-for-stm32.7-2018-q2-update.win32_1.0.0.201904181610/tools/bin/../lib/gcc/arm-none-eabi/7.3.1/thumb/v7-m/crtn.o
                0x0000000020005000                _estack = (ORIGIN (RAM) + LENGTH (RAM))
                0x0000000000000200                _Min_Heap_Size = 0x200
                0x0000000000000400                _Min_Stack_Size = 0x400

.isr_vector     0x0000000008000000      0x10c
                0x0000000008000000                . = ALIGN (0x4)
 *(.isr_vector)
 .isr_vector    0x0000000008000000      0x10c Core/Startup/startup_stm32f103c8tx.o
                0x0000000008000000                g_pfnVectors
                0x000000000800010c                . = ALIGN (0x4)

.text           0x000000000800010c     0x4efc
                0x000000000800010c                . = ALIGN (0x4)
 *(.text)
 .text          0x000000000800010c       0x40 c:/st/stm32cubeide_1.1.0/stm32cubeide/plugins/com.st.stm32cube.ide.mcu.externaltools.gnu-tools-for-stm32.7-2018-q2-update.win32_1.0.0.201904181610/tools/bin/../lib/gcc/arm-none-eabi/7.3.1/thumb/v7-m/crtbegin.o
 *(.text*)
 .text.controlKey
                0x000000000800014c      0x358 Core/Src/PressKey.o
                0x000000000800014c                controlKey
 .text.getStateNextSetting
                0x00000000080004a4        0xc Core/Src/PressKey.o
                0x00000000080004a4                getStateNextSetting
 .text.SystemClock_Config
                0x00000000080004b0       0x54 Core/Src/main.o
                0x00000000080004b0                SystemClock_Config
 .text.HAL_TIM_PeriodElapsedCallback
                0x0000000008000504       0x20 Core/Src/main.o
                0x0000000008000504                HAL_TIM_PeriodElapsedCallback
 .text.controlTickTime
                0x0000000008000524       0x20 Core/Src/main.o
                0x0000000008000524                controlTickTime
 .text.getCurrentTick
                0x0000000008000544        0xc Core/Src/main.o
                0x0000000008000544                getCurrentTick
 .text.outputMainScreen
                0x0000000008000550      0x128 Core/Src/main.o
                0x0000000008000550                outputMainScreen
 .text.outputSettingsScreen
                0x0000000008000678      0x100 Core/Src/main.o
                0x0000000008000678                outputSettingsScreen
 .text.startup.main
                0x0000000008000778      0x318 Core/Src/main.o
                0x0000000008000778                main
 .text.initTablo
                0x0000000008000a90       0x40 Core/Src/matrix_tablo_tpic.o
                0x0000000008000a90                initTablo
 .text.showTablo
                0x0000000008000ad0      0x148 Core/Src/matrix_tablo_tpic.o
                0x0000000008000ad0                showTablo
 .text.showString
                0x0000000008000c18      0x6f4 Core/Src/matrix_tablo_tpic.o
                0x0000000008000c18                showString
 .text.setTicker
                0x000000000800130c       0x18 Core/Src/matrix_tablo_tpic.o
                0x000000000800130c                setTicker
 .text.showTicker
                0x0000000008001324      0x678 Core/Src/matrix_tablo_tpic.o
                0x0000000008001324                showTicker
 .text.resetTicker
                0x000000000800199c       0xac Core/Src/matrix_tablo_tpic.o
                0x000000000800199c                resetTicker
 .text.temperatureDs3231
                0x0000000008001a48       0x64 Core/Src/rtc.o
                0x0000000008001a48                temperatureDs3231
 .text.setTime  0x0000000008001aac      0x154 Core/Src/rtc.o
                0x0000000008001aac                setTime
 .text.getRTC   0x0000000008001c00      0x140 Core/Src/rtc.o
                0x0000000008001c00                getRTC
 .text.getTimeMi
                0x0000000008001d40       0x44 Core/Src/rtc.o
                0x0000000008001d40                getTimeMi
 .text.getTimeH
                0x0000000008001d84       0x44 Core/Src/rtc.o
                0x0000000008001d84                getTimeH
 .text.getTimeDW
                0x0000000008001dc8       0x44 Core/Src/rtc.o
                0x0000000008001dc8                getTimeDW
 .text.getTimeDayW
                0x0000000008001e0c       0x84 Core/Src/rtc.o
                0x0000000008001e0c                getTimeDayW
 .text.getTimeDM
                0x0000000008001e90       0x44 Core/Src/rtc.o
                0x0000000008001e90                getTimeDM
 .text.getTimeMo
                0x0000000008001ed4       0x44 Core/Src/rtc.o
                0x0000000008001ed4                getTimeMo
 .text.getTimeMounth
                0x0000000008001f18       0xd0 Core/Src/rtc.o
                0x0000000008001f18                getTimeMounth
 .text.getTimeYe
                0x0000000008001fe8       0x44 Core/Src/rtc.o
                0x0000000008001fe8                getTimeYe
 .text.getTimeY
                0x000000000800202c       0x4c Core/Src/rtc.o
                0x000000000800202c                getTimeY
 .text.getSizeStringDay
                0x0000000008002078        0xc Core/Src/rtc.o
                0x0000000008002078                getSizeStringDay
 .text.getSizeStringMounth
                0x0000000008002084        0xc Core/Src/rtc.o
                0x0000000008002084                getSizeStringMounth
 .text.automaticTimeTranslation
                0x0000000008002090      0x164 Core/Src/rtc.o
                0x0000000008002090                automaticTimeTranslation
 .text.HAL_MspInit
                0x00000000080021f4       0x44 Core/Src/stm32f1xx_hal_msp.o
                0x00000000080021f4                HAL_MspInit
 .text.HAL_I2C_MspInit
                0x0000000008002238       0x88 Core/Src/stm32f1xx_hal_msp.o
                0x0000000008002238                HAL_I2C_MspInit
 .text.HAL_SPI_MspInit
                0x00000000080022c0       0x78 Core/Src/stm32f1xx_hal_msp.o
                0x00000000080022c0                HAL_SPI_MspInit
 .text.HAL_TIM_Base_MspInit
                0x0000000008002338       0x64 Core/Src/stm32f1xx_hal_msp.o
                0x0000000008002338                HAL_TIM_Base_MspInit
 .text.HAL_TIM_MspPostInit
                0x000000000800239c       0x58 Core/Src/stm32f1xx_hal_msp.o
                0x000000000800239c                HAL_TIM_MspPostInit
 .text.NMI_Handler
                0x00000000080023f4        0x4 Core/Src/stm32f1xx_it.o
                0x00000000080023f4                NMI_Handler
 .text.HardFault_Handler
                0x00000000080023f8        0x4 Core/Src/stm32f1xx_it.o
                0x00000000080023f8                HardFault_Handler
 .text.MemManage_Handler
                0x00000000080023fc        0x4 Core/Src/stm32f1xx_it.o
                0x00000000080023fc                MemManage_Handler
 .text.BusFault_Handler
                0x0000000008002400        0x4 Core/Src/stm32f1xx_it.o
                0x0000000008002400                BusFault_Handler
 .text.UsageFault_Handler
                0x0000000008002404        0x4 Core/Src/stm32f1xx_it.o
                0x0000000008002404                UsageFault_Handler
 .text.SVC_Handler
                0x0000000008002408        0x4 Core/Src/stm32f1xx_it.o
                0x0000000008002408                SVC_Handler
 .text.DebugMon_Handler
                0x000000000800240c        0x4 Core/Src/stm32f1xx_it.o
                0x000000000800240c                DebugMon_Handler
 .text.PendSV_Handler
                0x0000000008002410        0x4 Core/Src/stm32f1xx_it.o
                0x0000000008002410                PendSV_Handler
 .text.SysTick_Handler
                0x0000000008002414        0x4 Core/Src/stm32f1xx_it.o
                0x0000000008002414                SysTick_Handler
 .text.TIM2_IRQHandler
                0x0000000008002418        0xc Core/Src/stm32f1xx_it.o
                0x0000000008002418                TIM2_IRQHandler
 .text.I2C2_EV_IRQHandler
                0x0000000008002424        0xc Core/Src/stm32f1xx_it.o
                0x0000000008002424                I2C2_EV_IRQHandler
 .text.I2C2_ER_IRQHandler
                0x0000000008002430        0xc Core/Src/stm32f1xx_it.o
                0x0000000008002430                I2C2_ER_IRQHandler
 .text.SystemInit
                0x000000000800243c       0x50 Core/Src/system_stm32f1xx.o
                0x000000000800243c                SystemInit
 .text.Reset_Handler
                0x000000000800248c       0x48 Core/Startup/startup_stm32f103c8tx.o
                0x000000000800248c                Reset_Handler
 .text.Default_Handler
                0x00000000080024d4        0x2 Core/Startup/startup_stm32f103c8tx.o
                0x00000000080024d4                RTC_Alarm_IRQHandler
                0x00000000080024d4                EXTI2_IRQHandler
                0x00000000080024d4                TIM1_CC_IRQHandler
                0x00000000080024d4                PVD_IRQHandler
                0x00000000080024d4                EXTI3_IRQHandler
                0x00000000080024d4                EXTI0_IRQHandler
                0x00000000080024d4                ADC1_2_IRQHandler
                0x00000000080024d4                SPI1_IRQHandler
                0x00000000080024d4                TAMPER_IRQHandler
                0x00000000080024d4                DMA1_Channel4_IRQHandler
                0x00000000080024d4                USART3_IRQHandler
                0x00000000080024d4                RTC_IRQHandler
                0x00000000080024d4                DMA1_Channel7_IRQHandler
                0x00000000080024d4                CAN1_RX1_IRQHandler
                0x00000000080024d4                TIM4_IRQHandler
                0x00000000080024d4                I2C1_EV_IRQHandler
                0x00000000080024d4                DMA1_Channel6_IRQHandler
                0x00000000080024d4                TIM3_IRQHandler
                0x00000000080024d4                RCC_IRQHandler
                0x00000000080024d4                TIM1_TRG_COM_IRQHandler
                0x00000000080024d4                DMA1_Channel1_IRQHandler
                0x00000000080024d4                Default_Handler
                0x00000000080024d4                EXTI15_10_IRQHandler
                0x00000000080024d4                EXTI9_5_IRQHandler
                0x00000000080024d4                SPI2_IRQHandler
                0x00000000080024d4                DMA1_Channel5_IRQHandler
                0x00000000080024d4                EXTI4_IRQHandler
                0x00000000080024d4                USB_LP_CAN1_RX0_IRQHandler
                0x00000000080024d4                USB_HP_CAN1_TX_IRQHandler
                0x00000000080024d4                DMA1_Channel3_IRQHandler
                0x00000000080024d4                TIM1_UP_IRQHandler
                0x00000000080024d4                WWDG_IRQHandler
                0x00000000080024d4                TIM1_BRK_IRQHandler
                0x00000000080024d4                EXTI1_IRQHandler
                0x00000000080024d4                USART2_IRQHandler
                0x00000000080024d4                DMA1_Channel2_IRQHandler
                0x00000000080024d4                CAN1_SCE_IRQHandler
                0x00000000080024d4                FLASH_IRQHandler
                0x00000000080024d4                USART1_IRQHandler
                0x00000000080024d4                I2C1_ER_IRQHandler
                0x00000000080024d4                USBWakeUp_IRQHandler
 *fill*         0x00000000080024d6        0x2 
 .text.HAL_InitTick
                0x00000000080024d8       0x48 Drivers/STM32F1xx_HAL_Driver/Src/stm32f1xx_hal.o
                0x00000000080024d8                HAL_InitTick
 .text.HAL_Init
                0x0000000008002520       0x24 Drivers/STM32F1xx_HAL_Driver/Src/stm32f1xx_hal.o
                0x0000000008002520                HAL_Init
 .text.HAL_IncTick
                0x0000000008002544       0x18 Drivers/STM32F1xx_HAL_Driver/Src/stm32f1xx_hal.o
                0x0000000008002544                HAL_IncTick
 .text.HAL_GetTick
                0x000000000800255c        0xc Drivers/STM32F1xx_HAL_Driver/Src/stm32f1xx_hal.o
                0x000000000800255c                HAL_GetTick
 .text.HAL_NVIC_SetPriorityGrouping
                0x0000000008002568       0x24 Drivers/STM32F1xx_HAL_Driver/Src/stm32f1xx_hal_cortex.o
                0x0000000008002568                HAL_NVIC_SetPriorityGrouping
 .text.HAL_NVIC_SetPriority
                0x000000000800258c       0x6c Drivers/STM32F1xx_HAL_Driver/Src/stm32f1xx_hal_cortex.o
                0x000000000800258c                HAL_NVIC_SetPriority
 .text.HAL_NVIC_EnableIRQ
                0x00000000080025f8       0x1c Drivers/STM32F1xx_HAL_Driver/Src/stm32f1xx_hal_cortex.o
                0x00000000080025f8                HAL_NVIC_EnableIRQ
 .text.HAL_SYSTICK_Config
                0x0000000008002614       0x30 Drivers/STM32F1xx_HAL_Driver/Src/stm32f1xx_hal_cortex.o
                0x0000000008002614                HAL_SYSTICK_Config
 .text.HAL_DMA_Abort_IT
                0x0000000008002644       0x98 Drivers/STM32F1xx_HAL_Driver/Src/stm32f1xx_hal_dma.o
                0x0000000008002644                HAL_DMA_Abort_IT
 .text.HAL_DMA_GetState
                0x00000000080026dc        0x8 Drivers/STM32F1xx_HAL_Driver/Src/stm32f1xx_hal_dma.o
                0x00000000080026dc                HAL_DMA_GetState
 .text.HAL_GPIO_Init
                0x00000000080026e4      0x1f4 Drivers/STM32F1xx_HAL_Driver/Src/stm32f1xx_hal_gpio.o
                0x00000000080026e4                HAL_GPIO_Init
 .text.HAL_GPIO_ReadPin
                0x00000000080028d8        0xc Drivers/STM32F1xx_HAL_Driver/Src/stm32f1xx_hal_gpio.o
                0x00000000080028d8                HAL_GPIO_ReadPin
 .text.HAL_GPIO_WritePin
                0x00000000080028e4        0x8 Drivers/STM32F1xx_HAL_Driver/Src/stm32f1xx_hal_gpio.o
                0x00000000080028e4                HAL_GPIO_WritePin
 .text.HAL_GPIO_TogglePin
                0x00000000080028ec        0xc Drivers/STM32F1xx_HAL_Driver/Src/stm32f1xx_hal_gpio.o
                0x00000000080028ec                HAL_GPIO_TogglePin
 .text.HAL_I2C_Init
                0x00000000080028f8      0x170 Drivers/STM32F1xx_HAL_Driver/Src/stm32f1xx_hal_i2c.o
                0x00000000080028f8                HAL_I2C_Init
 .text.HAL_I2C_Master_Transmit
                0x0000000008002a68      0x2dc Drivers/STM32F1xx_HAL_Driver/Src/stm32f1xx_hal_i2c.o
                0x0000000008002a68                HAL_I2C_Master_Transmit
 .text.HAL_I2C_Master_Receive
                0x0000000008002d44      0x4e0 Drivers/STM32F1xx_HAL_Driver/Src/stm32f1xx_hal_i2c.o
                0x0000000008002d44                HAL_I2C_Master_Receive
 .text.HAL_I2C_MasterTxCpltCallback
                0x0000000008003224        0x4 Drivers/STM32F1xx_HAL_Driver/Src/stm32f1xx_hal_i2c.o
                0x0000000008003224                HAL_I2C_MasterTxCpltCallback
 .text.HAL_I2C_MasterRxCpltCallback
                0x0000000008003228        0x4 Drivers/STM32F1xx_HAL_Driver/Src/stm32f1xx_hal_i2c.o
                0x0000000008003228                HAL_I2C_MasterRxCpltCallback
 .text.HAL_I2C_SlaveTxCpltCallback
                0x000000000800322c        0x4 Drivers/STM32F1xx_HAL_Driver/Src/stm32f1xx_hal_i2c.o
                0x000000000800322c                HAL_I2C_SlaveTxCpltCallback
 .text.HAL_I2C_SlaveRxCpltCallback
                0x0000000008003230        0x4 Drivers/STM32F1xx_HAL_Driver/Src/stm32f1xx_hal_i2c.o
                0x0000000008003230                HAL_I2C_SlaveRxCpltCallback
 .text.HAL_I2C_AddrCallback
                0x0000000008003234        0x4 Drivers/STM32F1xx_HAL_Driver/Src/stm32f1xx_hal_i2c.o
                0x0000000008003234                HAL_I2C_AddrCallback
 .text.HAL_I2C_ListenCpltCallback
                0x0000000008003238        0x4 Drivers/STM32F1xx_HAL_Driver/Src/stm32f1xx_hal_i2c.o
                0x0000000008003238                HAL_I2C_ListenCpltCallback
 .text.HAL_I2C_MemTxCpltCallback
                0x000000000800323c        0x4 Drivers/STM32F1xx_HAL_Driver/Src/stm32f1xx_hal_i2c.o
                0x000000000800323c                HAL_I2C_MemTxCpltCallback
 .text.HAL_I2C_MemRxCpltCallback
                0x0000000008003240        0x4 Drivers/STM32F1xx_HAL_Driver/Src/stm32f1xx_hal_i2c.o
                0x0000000008003240                HAL_I2C_MemRxCpltCallback
 .text.HAL_I2C_ErrorCallback
                0x0000000008003244        0x4 Drivers/STM32F1xx_HAL_Driver/Src/stm32f1xx_hal_i2c.o
                0x0000000008003244                HAL_I2C_ErrorCallback
 .text.HAL_I2C_AbortCpltCallback
                0x0000000008003248        0x4 Drivers/STM32F1xx_HAL_Driver/Src/stm32f1xx_hal_i2c.o
                0x0000000008003248                HAL_I2C_AbortCpltCallback
 .text.I2C_DMAAbort
                0x000000000800324c       0x7c Drivers/STM32F1xx_HAL_Driver/Src/stm32f1xx_hal_i2c.o
 .text.HAL_I2C_EV_IRQHandler
                0x00000000080032c8      0xab4 Drivers/STM32F1xx_HAL_Driver/Src/stm32f1xx_hal_i2c.o
                0x00000000080032c8                HAL_I2C_EV_IRQHandler
 .text.HAL_I2C_ER_IRQHandler
                0x0000000008003d7c      0x2c0 Drivers/STM32F1xx_HAL_Driver/Src/stm32f1xx_hal_i2c.o
                0x0000000008003d7c                HAL_I2C_ER_IRQHandler
 .text.HAL_I2C_GetState
                0x000000000800403c        0x8 Drivers/STM32F1xx_HAL_Driver/Src/stm32f1xx_hal_i2c.o
                0x000000000800403c                HAL_I2C_GetState
 .text.HAL_I2C_GetError
                0x0000000008004044        0x4 Drivers/STM32F1xx_HAL_Driver/Src/stm32f1xx_hal_i2c.o
                0x0000000008004044                HAL_I2C_GetError
 .text.HAL_RCC_OscConfig
                0x0000000008004048      0x3f0 Drivers/STM32F1xx_HAL_Driver/Src/stm32f1xx_hal_rcc.o
                0x0000000008004048                HAL_RCC_OscConfig
 .text.HAL_RCC_ClockConfig
                0x0000000008004438      0x198 Drivers/STM32F1xx_HAL_Driver/Src/stm32f1xx_hal_rcc.o
                0x0000000008004438                HAL_RCC_ClockConfig
 .text.HAL_RCC_GetPCLK1Freq
                0x00000000080045d0       0x20 Drivers/STM32F1xx_HAL_Driver/Src/stm32f1xx_hal_rcc.o
                0x00000000080045d0                HAL_RCC_GetPCLK1Freq
 .text.HAL_SPI_Init
                0x00000000080045f0       0x80 Drivers/STM32F1xx_HAL_Driver/Src/stm32f1xx_hal_spi.o
                0x00000000080045f0                HAL_SPI_Init
 .text.HAL_SPI_Transmit
                0x0000000008004670      0x22c Drivers/STM32F1xx_HAL_Driver/Src/stm32f1xx_hal_spi.o
                0x0000000008004670                HAL_SPI_Transmit
 .text.HAL_TIM_Base_Init
                0x000000000800489c       0x9c Drivers/STM32F1xx_HAL_Driver/Src/stm32f1xx_hal_tim.o
                0x000000000800489c                HAL_TIM_Base_Init
 .text.HAL_TIM_Base_Start_IT
                0x0000000008004938       0x20 Drivers/STM32F1xx_HAL_Driver/Src/stm32f1xx_hal_tim.o
                0x0000000008004938                HAL_TIM_Base_Start_IT
 .text.HAL_TIM_PWM_MspInit
                0x0000000008004958        0x4 Drivers/STM32F1xx_HAL_Driver/Src/stm32f1xx_hal_tim.o
                0x0000000008004958                HAL_TIM_PWM_MspInit
 .text.HAL_TIM_PWM_Init
                0x000000000800495c       0x9c Drivers/STM32F1xx_HAL_Driver/Src/stm32f1xx_hal_tim.o
                0x000000000800495c                HAL_TIM_PWM_Init
 .text.HAL_TIM_PWM_Start
                0x00000000080049f8       0x44 Drivers/STM32F1xx_HAL_Driver/Src/stm32f1xx_hal_tim.o
                0x00000000080049f8                HAL_TIM_PWM_Start
 .text.HAL_TIM_PWM_ConfigChannel
                0x0000000008004a3c      0x1f4 Drivers/STM32F1xx_HAL_Driver/Src/stm32f1xx_hal_tim.o
                0x0000000008004a3c                HAL_TIM_PWM_ConfigChannel
 .text.HAL_TIM_ConfigClockSource
                0x0000000008004c30      0x14c Drivers/STM32F1xx_HAL_Driver/Src/stm32f1xx_hal_tim.o
                0x0000000008004c30                HAL_TIM_ConfigClockSource
 .text.HAL_TIM_OC_DelayElapsedCallback
                0x0000000008004d7c        0x4 Drivers/STM32F1xx_HAL_Driver/Src/stm32f1xx_hal_tim.o
                0x0000000008004d7c                HAL_TIM_OC_DelayElapsedCallback
 .text.HAL_TIM_IC_CaptureCallback
                0x0000000008004d80        0x4 Drivers/STM32F1xx_HAL_Driver/Src/stm32f1xx_hal_tim.o
                0x0000000008004d80                HAL_TIM_IC_CaptureCallback
 .text.HAL_TIM_PWM_PulseFinishedCallback
                0x0000000008004d84        0x4 Drivers/STM32F1xx_HAL_Driver/Src/stm32f1xx_hal_tim.o
                0x0000000008004d84                HAL_TIM_PWM_PulseFinishedCallback
 .text.HAL_TIM_TriggerCallback
                0x0000000008004d88        0x4 Drivers/STM32F1xx_HAL_Driver/Src/stm32f1xx_hal_tim.o
                0x0000000008004d88                HAL_TIM_TriggerCallback
 .text.HAL_TIM_IRQHandler
                0x0000000008004d8c      0x154 Drivers/STM32F1xx_HAL_Driver/Src/stm32f1xx_hal_tim.o
                0x0000000008004d8c                HAL_TIM_IRQHandler
 .text.HAL_TIMEx_MasterConfigSynchronization
                0x0000000008004ee0       0x44 Drivers/STM32F1xx_HAL_Driver/Src/stm32f1xx_hal_tim_ex.o
                0x0000000008004ee0                HAL_TIMEx_MasterConfigSynchronization
 .text.HAL_TIMEx_ConfigBreakDeadTime
                0x0000000008004f24       0x54 Drivers/STM32F1xx_HAL_Driver/Src/stm32f1xx_hal_tim_ex.o
                0x0000000008004f24                HAL_TIMEx_ConfigBreakDeadTime
 .text.HAL_TIMEx_CommutCallback
                0x0000000008004f78        0x4 Drivers/STM32F1xx_HAL_Driver/Src/stm32f1xx_hal_tim_ex.o
                0x0000000008004f78                HAL_TIMEx_CommutCallback
 .text.HAL_TIMEx_BreakCallback
                0x0000000008004f7c        0x4 Drivers/STM32F1xx_HAL_Driver/Src/stm32f1xx_hal_tim_ex.o
                0x0000000008004f7c                HAL_TIMEx_BreakCallback
 .text.__libc_init_array
                0x0000000008004f80       0x48 c:/st/stm32cubeide_1.1.0/stm32cubeide/plugins/com.st.stm32cube.ide.mcu.externaltools.gnu-tools-for-stm32.7-2018-q2-update.win32_1.0.0.201904181610/tools/bin/../lib/gcc/arm-none-eabi/7.3.1/../../../../arm-none-eabi/lib/thumb/v7-m\libc_nano.a(lib_a-init.o)
                0x0000000008004f80                __libc_init_array
 .text.memcpy   0x0000000008004fc8       0x16 c:/st/stm32cubeide_1.1.0/stm32cubeide/plugins/com.st.stm32cube.ide.mcu.externaltools.gnu-tools-for-stm32.7-2018-q2-update.win32_1.0.0.201904181610/tools/bin/../lib/gcc/arm-none-eabi/7.3.1/../../../../arm-none-eabi/lib/thumb/v7-m\libc_nano.a(lib_a-memcpy-stub.o)
                0x0000000008004fc8                memcpy
 .text.memset   0x0000000008004fde       0x10 c:/st/stm32cubeide_1.1.0/stm32cubeide/plugins/com.st.stm32cube.ide.mcu.externaltools.gnu-tools-for-stm32.7-2018-q2-update.win32_1.0.0.201904181610/tools/bin/../lib/gcc/arm-none-eabi/7.3.1/../../../../arm-none-eabi/lib/thumb/v7-m\libc_nano.a(lib_a-memset.o)
                0x0000000008004fde                memset
 *(.glue_7)
 .glue_7        0x0000000008004fee        0x0 linker stubs
 *(.glue_7t)
 .glue_7t       0x0000000008004fee        0x0 linker stubs
 *(.eh_frame)
 *fill*         0x0000000008004fee        0x2 
 .eh_frame      0x0000000008004ff0        0x0 c:/st/stm32cubeide_1.1.0/stm32cubeide/plugins/com.st.stm32cube.ide.mcu.externaltools.gnu-tools-for-stm32.7-2018-q2-update.win32_1.0.0.201904181610/tools/bin/../lib/gcc/arm-none-eabi/7.3.1/thumb/v7-m/crtbegin.o
 *(.init)
 .init          0x0000000008004ff0        0x4 c:/st/stm32cubeide_1.1.0/stm32cubeide/plugins/com.st.stm32cube.ide.mcu.externaltools.gnu-tools-for-stm32.7-2018-q2-update.win32_1.0.0.201904181610/tools/bin/../lib/gcc/arm-none-eabi/7.3.1/thumb/v7-m/crti.o
                0x0000000008004ff0                _init
 .init          0x0000000008004ff4        0x8 c:/st/stm32cubeide_1.1.0/stm32cubeide/plugins/com.st.stm32cube.ide.mcu.externaltools.gnu-tools-for-stm32.7-2018-q2-update.win32_1.0.0.201904181610/tools/bin/../lib/gcc/arm-none-eabi/7.3.1/thumb/v7-m/crtn.o
 *(.fini)
 .fini          0x0000000008004ffc        0x4 c:/st/stm32cubeide_1.1.0/stm32cubeide/plugins/com.st.stm32cube.ide.mcu.externaltools.gnu-tools-for-stm32.7-2018-q2-update.win32_1.0.0.201904181610/tools/bin/../lib/gcc/arm-none-eabi/7.3.1/thumb/v7-m/crti.o
                0x0000000008004ffc                _fini
 .fini          0x0000000008005000        0x8 c:/st/stm32cubeide_1.1.0/stm32cubeide/plugins/com.st.stm32cube.ide.mcu.externaltools.gnu-tools-for-stm32.7-2018-q2-update.win32_1.0.0.201904181610/tools/bin/../lib/gcc/arm-none-eabi/7.3.1/thumb/v7-m/crtn.o
                0x0000000008005008                . = ALIGN (0x4)
                0x0000000008005008                _etext = .

.vfp11_veneer   0x0000000008005008        0x0
 .vfp11_veneer  0x0000000008005008        0x0 linker stubs

.v4_bx          0x0000000008005008        0x0
 .v4_bx         0x0000000008005008        0x0 linker stubs

.iplt           0x0000000008005008        0x0
 .iplt          0x0000000008005008        0x0 c:/st/stm32cubeide_1.1.0/stm32cubeide/plugins/com.st.stm32cube.ide.mcu.externaltools.gnu-tools-for-stm32.7-2018-q2-update.win32_1.0.0.201904181610/tools/bin/../lib/gcc/arm-none-eabi/7.3.1/thumb/v7-m/crtbegin.o

.rodata         0x0000000008005008      0x300
                0x0000000008005008                . = ALIGN (0x4)
 *(.rodata)
 .rodata        0x0000000008005008       0x10 Drivers/STM32F1xx_HAL_Driver/Src/stm32f1xx_hal_rcc.o
 *(.rodata*)
 .rodata.outputMainScreen.str1.4
                0x0000000008005018        0xa Core/Src/main.o
 *fill*         0x0000000008005022        0x2 
 .rodata.outputSettingsScreen.str1.4
                0x0000000008005024        0x6 Core/Src/main.o
 *fill*         0x000000000800502a        0x2 
 .rodata.letters_and_numbers
                0x000000000800502c      0x198 Core/Src/matrix_tablo_tpic.o
                0x000000000800502c                letters_and_numbers
 .rodata.getTimeDayW.str1.4
                0x00000000080051c4       0x7b Core/Src/rtc.o
 *fill*         0x000000000800523f        0x1 
 .rodata.getTimeMounth.str1.4
                0x0000000008005240       0xb0 Core/Src/rtc.o
                                         0xaf (size before relaxing)
 .rodata.AHBPrescTable
                0x00000000080052f0       0x10 Core/Src/system_stm32f1xx.o
                0x00000000080052f0                AHBPrescTable
 .rodata.APBPrescTable
                0x0000000008005300        0x8 Core/Src/system_stm32f1xx.o
                0x0000000008005300                APBPrescTable
                0x0000000008005308                . = ALIGN (0x4)

.rel.dyn        0x0000000008005308        0x0
 .rel.iplt      0x0000000008005308        0x0 c:/st/stm32cubeide_1.1.0/stm32cubeide/plugins/com.st.stm32cube.ide.mcu.externaltools.gnu-tools-for-stm32.7-2018-q2-update.win32_1.0.0.201904181610/tools/bin/../lib/gcc/arm-none-eabi/7.3.1/thumb/v7-m/crtbegin.o

.ARM.extab      0x0000000008005308        0x0
                0x0000000008005308                . = ALIGN (0x4)
 *(.ARM.extab* .gnu.linkonce.armextab.*)
                0x0000000008005308                . = ALIGN (0x4)

.ARM            0x0000000008005308        0x0
                0x0000000008005308                . = ALIGN (0x4)
                0x0000000008005308                __exidx_start = .
 *(.ARM.exidx*)
                0x0000000008005308                __exidx_end = .
                0x0000000008005308                . = ALIGN (0x4)

.preinit_array  0x0000000008005308        0x0
                0x0000000008005308                . = ALIGN (0x4)
                0x0000000008005308                PROVIDE (__preinit_array_start = .)
 *(.preinit_array*)
                0x0000000008005308                PROVIDE (__preinit_array_end = .)
                0x0000000008005308                . = ALIGN (0x4)

.init_array     0x0000000008005308        0x4
                0x0000000008005308                . = ALIGN (0x4)
                0x0000000008005308                PROVIDE (__init_array_start = .)
 *(SORT_BY_NAME(.init_array.*))
 *(.init_array*)
 .init_array    0x0000000008005308        0x4 c:/st/stm32cubeide_1.1.0/stm32cubeide/plugins/com.st.stm32cube.ide.mcu.externaltools.gnu-tools-for-stm32.7-2018-q2-update.win32_1.0.0.201904181610/tools/bin/../lib/gcc/arm-none-eabi/7.3.1/thumb/v7-m/crtbegin.o
                0x000000000800530c                PROVIDE (__init_array_end = .)
                0x000000000800530c                . = ALIGN (0x4)

.fini_array     0x000000000800530c        0x4
                0x000000000800530c                . = ALIGN (0x4)
                [!provide]                        PROVIDE (__fini_array_start = .)
 *(SORT_BY_NAME(.fini_array.*))
 *(.fini_array*)
 .fini_array    0x000000000800530c        0x4 c:/st/stm32cubeide_1.1.0/stm32cubeide/plugins/com.st.stm32cube.ide.mcu.externaltools.gnu-tools-for-stm32.7-2018-q2-update.win32_1.0.0.201904181610/tools/bin/../lib/gcc/arm-none-eabi/7.3.1/thumb/v7-m/crtbegin.o
                [!provide]                        PROVIDE (__fini_array_end = .)
                0x0000000008005310                . = ALIGN (0x4)
                0x0000000008005310                _sidata = LOADADDR (.data)

.data           0x0000000020000000       0x18 load address 0x0000000008005310
                0x0000000020000000                . = ALIGN (0x4)
                0x0000000020000000                _sdata = .
 *(.data)
 *(.data*)
 .data.timer_off3
                0x0000000020000000        0x1 Core/Src/PressKey.o
                0x0000000020000000                timer_off3
 .data.timer_off4
                0x0000000020000001        0x1 Core/Src/PressKey.o
                0x0000000020000001                timer_off4
 .data.timer_off1
                0x0000000020000002        0x1 Core/Src/main.o
                0x0000000020000002                timer_off1
 .data.timer_off2
                0x0000000020000003        0x1 Core/Src/main.o
                0x0000000020000003                timer_off2
 .data.two_points
                0x0000000020000004        0x1 Core/Src/main.o
                0x0000000020000004                two_points
 .data.temp_line
                0x0000000020000005        0x1 Core/Src/matrix_tablo_tpic.o
                0x0000000020000005                temp_line
 .data.temp_line1
                0x0000000020000006        0x1 Core/Src/matrix_tablo_tpic.o
                0x0000000020000006                temp_line1
 .data.temp_line2
                0x0000000020000007        0x1 Core/Src/matrix_tablo_tpic.o
                0x0000000020000007                temp_line2
 .data.temp_line3
                0x0000000020000008        0x1 Core/Src/matrix_tablo_tpic.o
                0x0000000020000008                temp_line3
 *fill*         0x0000000020000009        0x3 
 .data.SystemCoreClock
                0x000000002000000c        0x4 Core/Src/system_stm32f1xx.o
                0x000000002000000c                SystemCoreClock
 .data.uwTickFreq
                0x0000000020000010        0x1 Drivers/STM32F1xx_HAL_Driver/Src/stm32f1xx_hal.o
                0x0000000020000010                uwTickFreq
 *fill*         0x0000000020000011        0x3 
 .data.uwTickPrio
                0x0000000020000014        0x4 Drivers/STM32F1xx_HAL_Driver/Src/stm32f1xx_hal.o
                0x0000000020000014                uwTickPrio
                0x0000000020000018                . = ALIGN (0x4)
                0x0000000020000018                _edata = .

.igot.plt       0x0000000020000018        0x0 load address 0x0000000008005328
 .igot.plt      0x0000000020000018        0x0 c:/st/stm32cubeide_1.1.0/stm32cubeide/plugins/com.st.stm32cube.ide.mcu.externaltools.gnu-tools-for-stm32.7-2018-q2-update.win32_1.0.0.201904181610/tools/bin/../lib/gcc/arm-none-eabi/7.3.1/thumb/v7-m/crtbegin.o
                0x0000000020000018                . = ALIGN (0x4)

.bss            0x0000000020000018      0x6f8 load address 0x0000000008005328
                0x0000000020000018                _sbss = .
                0x0000000020000018                __bss_start__ = _sbss
 *(.bss)
 .bss           0x0000000020000018       0x1c c:/st/stm32cubeide_1.1.0/stm32cubeide/plugins/com.st.stm32cube.ide.mcu.externaltools.gnu-tools-for-stm32.7-2018-q2-update.win32_1.0.0.201904181610/tools/bin/../lib/gcc/arm-none-eabi/7.3.1/thumb/v7-m/crtbegin.o
 *(.bss*)
 .bss.change_button
                0x0000000020000034        0x1 Core/Src/PressKey.o
                0x0000000020000034                change_button
 .bss.change_button_state
                0x0000000020000035        0x1 Core/Src/PressKey.o
                0x0000000020000035                change_button_state
 .bss.fix_ti3   0x0000000020000036        0x2 Core/Src/PressKey.o
                0x0000000020000036                fix_ti3
 .bss.fix_ti4   0x0000000020000038        0x2 Core/Src/PressKey.o
                0x0000000020000038                fix_ti4
 .bss.key_next_was_pressed.6399
                0x000000002000003a        0x1 Core/Src/PressKey.o
 .bss.key_previous_was_pressed.6400
                0x000000002000003b        0x1 Core/Src/PressKey.o
 .bss.key_settings_was_pressed.6401
                0x000000002000003c        0x1 Core/Src/PressKey.o
 .bss.set_setting
                0x000000002000003d        0x1 Core/Src/PressKey.o
                0x000000002000003d                set_setting
 .bss.current_tick
                0x000000002000003e        0x2 Core/Src/main.o
                0x000000002000003e                current_tick
 .bss.fix_ti1   0x0000000020000040        0x2 Core/Src/main.o
                0x0000000020000040                fix_ti1
 .bss.fix_ti2   0x0000000020000042        0x2 Core/Src/main.o
                0x0000000020000042                fix_ti2
 .bss.menu_settings
                0x0000000020000044        0x1 Core/Src/main.o
                0x0000000020000044                menu_settings
 *fill*         0x0000000020000045        0x3 
 .bss.BufferTablo
                0x0000000020000048       0x78 Core/Src/matrix_tablo_tpic.o
                0x0000000020000048                BufferTablo
 .bss.BufferTabloTicker
                0x00000000200000c0      0x4c8 Core/Src/matrix_tablo_tpic.o
                0x00000000200000c0                BufferTabloTicker
 .bss.aTxBuffer
                0x0000000020000588        0xf Core/Src/matrix_tablo_tpic.o
                0x0000000020000588                aTxBuffer
 .bss.count_line
                0x0000000020000597        0x1 Core/Src/matrix_tablo_tpic.o
                0x0000000020000597                count_line
 .bss.count_line_ticker
                0x0000000020000598        0x1 Core/Src/matrix_tablo_tpic.o
                0x0000000020000598                count_line_ticker
 .bss.if_ticker
                0x0000000020000599        0x1 Core/Src/matrix_tablo_tpic.o
                0x0000000020000599                if_ticker
 *fill*         0x000000002000059a        0x2 
 .bss.num_shift_ticker
                0x000000002000059c        0x3 Core/Src/matrix_tablo_tpic.o
                0x000000002000059c                num_shift_ticker
 *fill*         0x000000002000059f        0x1 
 .bss.show_seven_lines
                0x00000000200005a0        0x4 Core/Src/matrix_tablo_tpic.o
                0x00000000200005a0                show_seven_lines
 .bss.stroka    0x00000000200005a4        0x1 Core/Src/matrix_tablo_tpic.o
                0x00000000200005a4                stroka
 .bss.date      0x00000000200005a5        0x1 Core/Src/rtc.o
                0x00000000200005a5                date
 .bss.day       0x00000000200005a6        0x1 Core/Src/rtc.o
                0x00000000200005a6                day
 .bss.hour      0x00000000200005a7        0x1 Core/Src/rtc.o
                0x00000000200005a7                hour
 .bss.min       0x00000000200005a8        0x1 Core/Src/rtc.o
                0x00000000200005a8                min
 .bss.mounth    0x00000000200005a9        0x1 Core/Src/rtc.o
                0x00000000200005a9                mounth
 .bss.perevedeno
                0x00000000200005aa        0x1 Core/Src/rtc.o
                0x00000000200005aa                perevedeno
 .bss.sec       0x00000000200005ab        0x1 Core/Src/rtc.o
                0x00000000200005ab                sec
 .bss.size_string_day
                0x00000000200005ac        0x1 Core/Src/rtc.o
                0x00000000200005ac                size_string_day
 .bss.size_string_mounth
                0x00000000200005ad        0x1 Core/Src/rtc.o
                0x00000000200005ad                size_string_mounth
 .bss.temperat1
                0x00000000200005ae        0x1 Core/Src/rtc.o
                0x00000000200005ae                temperat1
 .bss.temperat_z
                0x00000000200005af        0x1 Core/Src/rtc.o
                0x00000000200005af                temperat_z
 .bss.year      0x00000000200005b0        0x1 Core/Src/rtc.o
                0x00000000200005b0                year
 *(COMMON)
 COMMON         0x00000000200005b1        0x5 Core/Src/PressKey.o
                0x00000000200005b1                last_state
                0x00000000200005b2                current_state
                0x00000000200005b3                Key_Nextt
                0x00000000200005b4                Key_Previous
                0x00000000200005b5                Key_Settings
 *fill*         0x00000000200005b6        0x2 
 COMMON         0x00000000200005b8      0x12c Core/Src/main.o
                0x00000000200005b8                hspi2
                0x0000000020000610                hi2c2
                0x0000000020000664                htim1
                0x00000000200006a4                htim2
 COMMON         0x00000000200006e4       0x26 Core/Src/rtc.o
                0x00000000200006e4                s_uint_to_char
                0x00000000200006e8                yearDs
                0x00000000200006f0                temperatureDs
                0x00000000200006f8                Buffer_RTC
 *fill*         0x000000002000070a        0x2 
 COMMON         0x000000002000070c        0x4 Drivers/STM32F1xx_HAL_Driver/Src/stm32f1xx_hal.o
                0x000000002000070c                uwTick
                0x0000000020000710                . = ALIGN (0x4)
                0x0000000020000710                _ebss = .
                0x0000000020000710                __bss_end__ = _ebss

._user_heap_stack
                0x0000000020000710      0x600 load address 0x0000000008005328
                0x0000000020000710                . = ALIGN (0x8)
                0x0000000020000710                PROVIDE (end = .)
                [!provide]                        PROVIDE (_end = .)
                0x0000000020000910                . = (. + _Min_Heap_Size)
 *fill*         0x0000000020000710      0x200 
                0x0000000020000d10                . = (. + _Min_Stack_Size)
 *fill*         0x0000000020000910      0x400 
                0x0000000020000d10                . = ALIGN (0x8)

/DISCARD/
 libc.a(*)
 libm.a(*)
 libgcc.a(*)

.ARM.attributes
                0x0000000000000000       0x29
 *(.ARM.attributes)
 .ARM.attributes
                0x0000000000000000       0x1d c:/st/stm32cubeide_1.1.0/stm32cubeide/plugins/com.st.stm32cube.ide.mcu.externaltools.gnu-tools-for-stm32.7-2018-q2-update.win32_1.0.0.201904181610/tools/bin/../lib/gcc/arm-none-eabi/7.3.1/thumb/v7-m/crti.o
 .ARM.attributes
                0x000000000000001d       0x2d c:/st/stm32cubeide_1.1.0/stm32cubeide/plugins/com.st.stm32cube.ide.mcu.externaltools.gnu-tools-for-stm32.7-2018-q2-update.win32_1.0.0.201904181610/tools/bin/../lib/gcc/arm-none-eabi/7.3.1/thumb/v7-m/crtbegin.o
 .ARM.attributes
                0x000000000000004a       0x33 Core/Src/PressKey.o
 .ARM.attributes
                0x000000000000007d       0x33 Core/Src/main.o
 .ARM.attributes
                0x00000000000000b0       0x33 Core/Src/matrix_tablo_tpic.o
 .ARM.attributes
                0x00000000000000e3       0x33 Core/Src/rtc.o
 .ARM.attributes
                0x0000000000000116       0x33 Core/Src/stm32f1xx_hal_msp.o
 .ARM.attributes
                0x0000000000000149       0x33 Core/Src/stm32f1xx_it.o
 .ARM.attributes
                0x000000000000017c       0x33 Core/Src/system_stm32f1xx.o
 .ARM.attributes
                0x00000000000001af       0x21 Core/Startup/startup_stm32f103c8tx.o
 .ARM.attributes
                0x00000000000001d0       0x33 Drivers/STM32F1xx_HAL_Driver/Src/stm32f1xx_hal.o
 .ARM.attributes
                0x0000000000000203       0x33 Drivers/STM32F1xx_HAL_Driver/Src/stm32f1xx_hal_cortex.o
 .ARM.attributes
                0x0000000000000236       0x33 Drivers/STM32F1xx_HAL_Driver/Src/stm32f1xx_hal_dma.o
 .ARM.attributes
                0x0000000000000269       0x33 Drivers/STM32F1xx_HAL_Driver/Src/stm32f1xx_hal_gpio.o
 .ARM.attributes
                0x000000000000029c       0x33 Drivers/STM32F1xx_HAL_Driver/Src/stm32f1xx_hal_i2c.o
 .ARM.attributes
                0x00000000000002cf       0x33 Drivers/STM32F1xx_HAL_Driver/Src/stm32f1xx_hal_rcc.o
 .ARM.attributes
                0x0000000000000302       0x33 Drivers/STM32F1xx_HAL_Driver/Src/stm32f1xx_hal_spi.o
 .ARM.attributes
                0x0000000000000335       0x33 Drivers/STM32F1xx_HAL_Driver/Src/stm32f1xx_hal_tim.o
 .ARM.attributes
                0x0000000000000368       0x33 Drivers/STM32F1xx_HAL_Driver/Src/stm32f1xx_hal_tim_ex.o
 .ARM.attributes
                0x000000000000039b       0x2d c:/st/stm32cubeide_1.1.0/stm32cubeide/plugins/com.st.stm32cube.ide.mcu.externaltools.gnu-tools-for-stm32.7-2018-q2-update.win32_1.0.0.201904181610/tools/bin/../lib/gcc/arm-none-eabi/7.3.1/../../../../arm-none-eabi/lib/thumb/v7-m\libc_nano.a(lib_a-init.o)
 .ARM.attributes
                0x00000000000003c8       0x2d c:/st/stm32cubeide_1.1.0/stm32cubeide/plugins/com.st.stm32cube.ide.mcu.externaltools.gnu-tools-for-stm32.7-2018-q2-update.win32_1.0.0.201904181610/tools/bin/../lib/gcc/arm-none-eabi/7.3.1/../../../../arm-none-eabi/lib/thumb/v7-m\libc_nano.a(lib_a-memcpy-stub.o)
 .ARM.attributes
                0x00000000000003f5       0x2d c:/st/stm32cubeide_1.1.0/stm32cubeide/plugins/com.st.stm32cube.ide.mcu.externaltools.gnu-tools-for-stm32.7-2018-q2-update.win32_1.0.0.201904181610/tools/bin/../lib/gcc/arm-none-eabi/7.3.1/../../../../arm-none-eabi/lib/thumb/v7-m\libc_nano.a(lib_a-memset.o)
 .ARM.attributes
                0x0000000000000422       0x1d c:/st/stm32cubeide_1.1.0/stm32cubeide/plugins/com.st.stm32cube.ide.mcu.externaltools.gnu-tools-for-stm32.7-2018-q2-update.win32_1.0.0.201904181610/tools/bin/../lib/gcc/arm-none-eabi/7.3.1/thumb/v7-m/crtn.o
OUTPUT(tablo_stm32.elf elf32-littlearm)

.comment        0x0000000000000000       0x7b
 .comment       0x0000000000000000       0x7b Core/Src/PressKey.o
                                         0x7c (size before relaxing)
 .comment       0x000000000000007b       0x7c Core/Src/main.o
 .comment       0x000000000000007b       0x7c Core/Src/matrix_tablo_tpic.o
 .comment       0x000000000000007b       0x7c Core/Src/rtc.o
 .comment       0x000000000000007b       0x7c Core/Src/stm32f1xx_hal_msp.o
 .comment       0x000000000000007b       0x7c Core/Src/stm32f1xx_it.o
 .comment       0x000000000000007b       0x7c Core/Src/system_stm32f1xx.o
 .comment       0x000000000000007b       0x7c Drivers/STM32F1xx_HAL_Driver/Src/stm32f1xx_hal.o
 .comment       0x000000000000007b       0x7c Drivers/STM32F1xx_HAL_Driver/Src/stm32f1xx_hal_cortex.o
 .comment       0x000000000000007b       0x7c Drivers/STM32F1xx_HAL_Driver/Src/stm32f1xx_hal_dma.o
 .comment       0x000000000000007b       0x7c Drivers/STM32F1xx_HAL_Driver/Src/stm32f1xx_hal_gpio.o
 .comment       0x000000000000007b       0x7c Drivers/STM32F1xx_HAL_Driver/Src/stm32f1xx_hal_i2c.o
 .comment       0x000000000000007b       0x7c Drivers/STM32F1xx_HAL_Driver/Src/stm32f1xx_hal_rcc.o
 .comment       0x000000000000007b       0x7c Drivers/STM32F1xx_HAL_Driver/Src/stm32f1xx_hal_spi.o
 .comment       0x000000000000007b       0x7c Drivers/STM32F1xx_HAL_Driver/Src/stm32f1xx_hal_tim.o
 .comment       0x000000000000007b       0x7c Drivers/STM32F1xx_HAL_Driver/Src/stm32f1xx_hal_tim_ex.o

.debug_frame    0x0000000000000000       0x74
 .debug_frame   0x0000000000000000       0x2c c:/st/stm32cubeide_1.1.0/stm32cubeide/plugins/com.st.stm32cube.ide.mcu.externaltools.gnu-tools-for-stm32.7-2018-q2-update.win32_1.0.0.201904181610/tools/bin/../lib/gcc/arm-none-eabi/7.3.1/../../../../arm-none-eabi/lib/thumb/v7-m\libc_nano.a(lib_a-init.o)
 .debug_frame   0x000000000000002c       0x28 c:/st/stm32cubeide_1.1.0/stm32cubeide/plugins/com.st.stm32cube.ide.mcu.externaltools.gnu-tools-for-stm32.7-2018-q2-update.win32_1.0.0.201904181610/tools/bin/../lib/gcc/arm-none-eabi/7.3.1/../../../../arm-none-eabi/lib/thumb/v7-m\libc_nano.a(lib_a-memcpy-stub.o)
 .debug_frame   0x0000000000000054       0x20 c:/st/stm32cubeide_1.1.0/stm32cubeide/plugins/com.st.stm32cube.ide.mcu.externaltools.gnu-tools-for-stm32.7-2018-q2-update.win32_1.0.0.201904181610/tools/bin/../lib/gcc/arm-none-eabi/7.3.1/../../../../arm-none-eabi/lib/thumb/v7-m\libc_nano.a(lib_a-memset.o)
